[ WARN 2026-09-19 18:15:57.563] moon_app::queries::changed_files  Detected a shallow checkout, unable to run Git commands to determine changed files. 
[ WARN 18:15:57.563] moon_app::queries::changed_files  A full Git history is required for affected checks, falling back to an empty files list. 
▮▮▮▮ consumer:scad.docs (cbf45e39)
SCons design engine: 53 target(s), cache=/work/.cache/scad-project/scons
+ scons -Q -f /work/tools/tool.scad-project/src/scad_project/design_scons_driver.py SCAD_PROJECT_MANIFEST=/work/.cache/scad-project/state/design-manifest.json
_action([".cache/scad-project/design-stage/project/openscad/specification/img/01-node-fixed-tongue-profile-a4.svg"], ["/opt/openscad-libraries/BOSL2/affine.scad", "/opt/openscad-libraries/BOSL2/attachments.scad", "/opt/openscad-libraries/BOSL2/beziers.scad", "/opt/openscad-libraries/BOSL2/builtins.scad", "/opt/openscad-libraries/BOSL2/color.scad", "/opt/openscad-libraries/BOSL2/comparisons.scad", "/opt/openscad-libraries/BOSL2/constants.scad", "/opt/openscad-libraries/BOSL2/coords.scad", "/opt/openscad-libraries/BOSL2/distributors.scad", "/opt/openscad-libraries/BOSL2/drawing.scad", "/opt/openscad-libraries/BOSL2/geometry.scad", "/opt/openscad-libraries/BOSL2/linalg.scad", "/opt/openscad-libraries/BOSL2/lists.scad", "/opt/openscad-libraries/BOSL2/masks.scad", "/opt/openscad-libraries/BOSL2/math.scad", "/opt/openscad-libraries/BOSL2/miscellaneous.scad", "/opt/openscad-libraries/BOSL2/partitions.scad", "/opt/openscad-libraries/BOSL2/paths.scad", "/opt/openscad-libraries/BOSL2/regions.scad", "/opt/openscad-libraries/BOSL2/rounding.scad", "/opt/openscad-libraries/BOSL2/shapes2d.scad", "/opt/openscad-libraries/BOSL2/shapes3d.scad", "/opt/openscad-libraries/BOSL2/skin.scad", "/opt/openscad-libraries/BOSL2/std.scad", "/opt/openscad-libraries/BOSL2/strings.scad", "/opt/openscad-libraries/BOSL2/structs.scad", "/opt/openscad-libraries/BOSL2/transforms.scad", "/opt/openscad-libraries/BOSL2/trigonometry.scad", "/opt/openscad-libraries/BOSL2/utility.scad", "/opt/openscad-libraries/BOSL2/vectors.scad", "/opt/openscad-libraries/BOSL2/version.scad", "/opt/openscad-libraries/BOSL2/vnf.scad", ".cache/scad-project/state/design-entrypoints/8937781654721e18.scad", "dsg/openscad/design_support.scad", "dsg/openscad/ext/quackworks/openGrid/openGrid.scad", "dsg/openscad/ext/quackworks/openGrid/opengrid-snap.scad", "dsg/openscad/lib/detachable_interface_spec.scad", "dsg/openscad/lib/node_interface.scad", "dsg/openscad/lib/opengrid_reference.scad", "dsg/openscad/lib/technical_drawing.scad", "dsg/openscad/specification/mating_profiles.scad", "dsg/openscad/specification/specification.md"])
+ openscad -o /work/.cache/scad-project/design-stage/project/openscad/specification/img/01-node-fixed-tongue-profile-a4.svg /work/.cache/scad-project/state/design-entrypoints/8937781654721e18.scad
Geometries in cache: 110
Geometry cache size in bytes: 3684104
CGAL Polyhedrons in cache: 6
CGAL cache size in bytes: 37000
Total rendering time: 0:00:00.189
Top level object is a 2D object:
   Contours:      438
SCons design built: .cache/scad-project/design-stage/project/openscad/specification/img/01-node-fixed-tongue-profile-a4.svg
_action([".cache/scad-project/design-stage/project/openscad/specification/img/00-reference-implementation-overview.png"], ["/opt/openscad-libraries/BOSL2/affine.scad", "/opt/openscad-libraries/BOSL2/attachments.scad", "/opt/openscad-libraries/BOSL2/beziers.scad", "/opt/openscad-libraries/BOSL2/builtins.scad", "/opt/openscad-libraries/BOSL2/color.scad", "/opt/openscad-libraries/BOSL2/comparisons.scad", "/opt/openscad-libraries/BOSL2/constants.scad", "/opt/openscad-libraries/BOSL2/coords.scad", "/opt/openscad-libraries/BOSL2/distributors.scad", "/opt/openscad-libraries/BOSL2/drawing.scad", "/opt/openscad-libraries/BOSL2/geometry.scad", "/opt/openscad-libraries/BOSL2/linalg.scad", "/opt/openscad-libraries/BOSL2/lists.scad", "/opt/openscad-libraries/BOSL2/masks.scad", "/opt/openscad-libraries/BOSL2/math.scad", "/opt/openscad-libraries/BOSL2/miscellaneous.scad", "/opt/openscad-libraries/BOSL2/partitions.scad", "/opt/openscad-libraries/BOSL2/paths.scad", "/opt/openscad-libraries/BOSL2/regions.scad", "/opt/openscad-libraries/BOSL2/rounding.scad", "/opt/openscad-libraries/BOSL2/shapes2d.scad", "/opt/openscad-libraries/BOSL2/shapes3d.scad", "/opt/openscad-libraries/BOSL2/skin.scad", "/opt/openscad-libraries/BOSL2/std.scad", "/opt/openscad-libraries/BOSL2/strings.scad", "/opt/openscad-libraries/BOSL2/structs.scad", "/opt/openscad-libraries/BOSL2/transforms.scad", "/opt/openscad-libraries/BOSL2/trigonometry.scad", "/opt/openscad-libraries/BOSL2/utility.scad", "/opt/openscad-libraries/BOSL2/vectors.scad", "/opt/openscad-libraries/BOSL2/version.scad", "/opt/openscad-libraries/BOSL2/vnf.scad", ".cache/scad-project/state/design-entrypoints/9c72ee6306b0605b.scad", "dsg/openscad/design_support.scad", "dsg/openscad/lib/detachable_interface_spec.scad", "dsg/openscad/lib/node_interface.scad", "dsg/openscad/lib/technical_drawing.scad", "dsg/openscad/specification/interface_specification.scad", "dsg/openscad/specification/specification.md"])
+ xvfb-run -a openscad --render --camera=0.0,0.0,0.0,70.0,0.0,30.0,0.0 --autocenter --viewall --imgsize=1200,700 -o /work/.cache/scad-project/design-stage/project/openscad/specification/img/.00-reference-implementation-overview.unwatermarked.png /work/.cache/scad-project/state/design-entrypoints/9c72ee6306b0605b.scad
Geometries in cache: 115
Geometry cache size in bytes: 380560
CGAL Polyhedrons in cache: 79
CGAL cache size in bytes: 2654250
Total rendering time: 0:00:00.226
   Top level object is a 3D object (manifold):
   Status:     NoError
   Genus:      -1
   Vertices:     1523
   Facets:       3038
+ scad-image-watermark /work/.cache/scad-project/design-stage/project/openscad/specification/img/.00-reference-implementation-overview.unwatermarked.png /work/.cache/scad-project/design-stage/project/openscad/specification/img/00-reference-implementation-overview.png --text © 2026 brainboxemb
SCons design built: .cache/scad-project/design-stage/project/openscad/specification/img/00-reference-implementation-overview.png
_action([".cache/scad-project/design-stage/project/openscad/specification/img/10-reference-pair-section.svg"], ["/opt/openscad-libraries/BOSL2/affine.scad", "/opt/openscad-libraries/BOSL2/attachments.scad", "/opt/openscad-libraries/BOSL2/beziers.scad", "/opt/openscad-libraries/BOSL2/builtins.scad", "/opt/openscad-libraries/BOSL2/color.scad", "/opt/openscad-libraries/BOSL2/comparisons.scad", "/opt/openscad-libraries/BOSL2/constants.scad", "/opt/openscad-libraries/BOSL2/coords.scad", "/opt/openscad-libraries/BOSL2/distributors.scad", "/opt/openscad-libraries/BOSL2/drawing.scad", "/opt/openscad-libraries/BOSL2/geometry.scad", "/opt/openscad-libraries/BOSL2/linalg.scad", "/opt/openscad-libraries/BOSL2/lists.scad", "/opt/openscad-libraries/BOSL2/masks.scad", "/opt/openscad-libraries/BOSL2/math.scad", "/opt/openscad-libraries/BOSL2/miscellaneous.scad", "/opt/openscad-libraries/BOSL2/partitions.scad", "/opt/openscad-libraries/BOSL2/paths.scad", "/opt/openscad-libraries/BOSL2/regions.scad", "/opt/openscad-libraries/BOSL2/rounding.scad", "/opt/openscad-libraries/BOSL2/shapes2d.scad", "/opt/openscad-libraries/BOSL2/shapes3d.scad", "/opt/openscad-libraries/BOSL2/skin.scad", "/opt/openscad-libraries/BOSL2/std.scad", "/opt/openscad-libraries/BOSL2/strings.scad", "/opt/openscad-libraries/BOSL2/structs.scad", "/opt/openscad-libraries/BOSL2/transforms.scad", "/opt/openscad-libraries/BOSL2/trigonometry.scad", "/opt/openscad-libraries/BOSL2/utility.scad", "/opt/openscad-libraries/BOSL2/vectors.scad", "/opt/openscad-libraries/BOSL2/version.scad", "/opt/openscad-libraries/BOSL2/vnf.scad", ".cache/scad-project/state/design-entrypoints/8920b31fd065248b.scad", "dsg/openscad/design_support.scad", "dsg/openscad/lib/detachable_interface_spec.scad", "dsg/openscad/lib/node_interface.scad", "dsg/openscad/lib/technical_drawing.scad", "dsg/openscad/specification/interface_specification.scad", "dsg/openscad/specification/specification.md"])
+ openscad -o /work/.cache/scad-project/design-stage/project/openscad/specification/img/10-reference-pair-section.svg /work/.cache/scad-project/state/design-entrypoints/8920b31fd065248b.scad
Geometries in cache: 150
Geometry cache size in bytes: 3899752
CGAL Polyhedrons in cache: 69
CGAL cache size in bytes: 1017500
Total rendering time: 0:00:00.188
Top level object is a 2D object:
   Contours:      418
SCons design built: .cache/scad-project/design-stage/project/openscad/specification/img/10-reference-pair-section.svg
_action([".cache/scad-project/design-stage/project/openscad/specification/img/11-width-reduction-context.svg"], ["/opt/openscad-libraries/BOSL2/affine.scad", "/opt/openscad-libraries/BOSL2/attachments.scad", "/opt/openscad-libraries/BOSL2/beziers.scad", "/opt/openscad-libraries/BOSL2/builtins.scad", "/opt/openscad-libraries/BOSL2/color.scad", "/opt/openscad-libraries/BOSL2/comparisons.scad", "/opt/openscad-libraries/BOSL2/constants.scad", "/opt/openscad-libraries/BOSL2/coords.scad", "/opt/openscad-libraries/BOSL2/distributors.scad", "/opt/openscad-libraries/BOSL2/drawing.scad", "/opt/openscad-libraries/BOSL2/geometry.scad", "/opt/openscad-libraries/BOSL2/linalg.scad", "/opt/openscad-libraries/BOSL2/lists.scad", "/opt/openscad-libraries/BOSL2/masks.scad", "/opt/openscad-libraries/BOSL2/math.scad", "/opt/openscad-libraries/BOSL2/miscellaneous.scad", "/opt/openscad-libraries/BOSL2/partitions.scad", "/opt/openscad-libraries/BOSL2/paths.scad", "/opt/openscad-libraries/BOSL2/regions.scad", "/opt/openscad-libraries/BOSL2/rounding.scad", "/opt/openscad-libraries/BOSL2/shapes2d.scad", "/opt/openscad-libraries/BOSL2/shapes3d.scad", "/opt/openscad-libraries/BOSL2/skin.scad", "/opt/openscad-libraries/BOSL2/std.scad", "/opt/openscad-libraries/BOSL2/strings.scad", "/opt/openscad-libraries/BOSL2/structs.scad", "/opt/openscad-libraries/BOSL2/transforms.scad", "/opt/openscad-libraries/BOSL2/trigonometry.scad", "/opt/openscad-libraries/BOSL2/utility.scad", "/opt/openscad-libraries/BOSL2/vectors.scad", "/opt/openscad-libraries/BOSL2/version.scad", "/opt/openscad-libraries/BOSL2/vnf.scad", ".cache/scad-project/state/design-entrypoints/812c5f776922f9a6.scad", "dsg/openscad/design_support.scad", "dsg/openscad/lib/detachable_interface_spec.scad", "dsg/openscad/lib/node_interface.scad", "dsg/openscad/lib/technical_drawing.scad", "dsg/openscad/specification/interface_specification.scad", "dsg/openscad/specification/specification.md"])
+ openscad -o /work/.cache/scad-project/design-stage/project/openscad/specification/img/11-width-reduction-context.svg /work/.cache/scad-project/state/design-entrypoints/812c5f776922f9a6.scad
Geometries in cache: 104
Geometry cache size in bytes: 4084672
CGAL Polyhedrons in cache: 0
CGAL cache size in bytes: 0
Total rendering time: 0:00:00.177
Top level object is a 2D object:
   Contours:      456
SCons design built: .cache/scad-project/design-stage/project/openscad/specification/img/11-width-reduction-context.svg
_action([".cache/scad-project/design-stage/project/openscad/specification/img/12-reference-implementation.svg"], ["/opt/openscad-libraries/BOSL2/affine.scad", "/opt/openscad-libraries/BOSL2/attachments.scad", "/opt/openscad-libraries/BOSL2/beziers.scad", "/opt/openscad-libraries/BOSL2/builtins.scad", "/opt/openscad-libraries/BOSL2/color.scad", "/opt/openscad-libraries/BOSL2/comparisons.scad", "/opt/openscad-libraries/BOSL2/constants.scad", "/opt/openscad-libraries/BOSL2/coords.scad", "/opt/openscad-libraries/BOSL2/distributors.scad", "/opt/openscad-libraries/BOSL2/drawing.scad", "/opt/openscad-libraries/BOSL2/geometry.scad", "/opt/openscad-libraries/BOSL2/linalg.scad", "/opt/openscad-libraries/BOSL2/lists.scad", "/opt/openscad-libraries/BOSL2/masks.scad", "/opt/openscad-libraries/BOSL2/math.scad", "/opt/openscad-libraries/BOSL2/miscellaneous.scad", "/opt/openscad-libraries/BOSL2/partitions.scad", "/opt/openscad-libraries/BOSL2/paths.scad", "/opt/openscad-libraries/BOSL2/regions.scad", "/opt/openscad-libraries/BOSL2/rounding.scad", "/opt/openscad-libraries/BOSL2/shapes2d.scad", "/opt/openscad-libraries/BOSL2/shapes3d.scad", "/opt/openscad-libraries/BOSL2/skin.scad", "/opt/openscad-libraries/BOSL2/std.scad", "/opt/openscad-libraries/BOSL2/strings.scad", "/opt/openscad-libraries/BOSL2/structs.scad", "/opt/openscad-libraries/BOSL2/transforms.scad", "/opt/openscad-libraries/BOSL2/trigonometry.scad", "/opt/openscad-libraries/BOSL2/utility.scad", "/opt/openscad-libraries/BOSL2/vectors.scad", "/opt/openscad-libraries/BOSL2/version.scad", "/opt/openscad-libraries/BOSL2/vnf.scad", ".cache/scad-project/state/design-entrypoints/97b7ac248761dcd7.scad", "dsg/openscad/design_support.scad", "dsg/openscad/lib/detachable_interface_spec.scad", "dsg/openscad/lib/node_interface.scad", "dsg/openscad/lib/technical_drawing.scad", "dsg/openscad/specification/interface_specification.scad", "dsg/openscad/specification/specification.md"])
+ openscad -o /work/.cache/scad-project/design-stage/project/openscad/specification/img/12-reference-implementation.svg /work/.cache/scad-project/state/design-entrypoints/97b7ac248761dcd7.scad
Geometries in cache: 116
Geometry cache size in bytes: 2700600
CGAL Polyhedrons in cache: 69
CGAL cache size in bytes: 1017500
Total rendering time: 0:00:00.159
Top level object is a 2D object:
   Contours:      306
SCons design built: .cache/scad-project/design-stage/project/openscad/specification/img/12-reference-implementation.svg
_action([".cache/scad-project/design-stage/project/openscad/components/node-receiver/node_receiver/design/img/01-profile.png"], ["/opt/openscad-libraries/BOSL2/affine.scad", "/opt/openscad-libraries/BOSL2/attachments.scad", "/opt/openscad-libraries/BOSL2/beziers.scad", "/opt/openscad-libraries/BOSL2/builtins.scad", "/opt/openscad-libraries/BOSL2/color.scad", "/opt/openscad-libraries/BOSL2/comparisons.scad", "/opt/openscad-libraries/BOSL2/constants.scad", "/opt/openscad-libraries/BOSL2/coords.scad", "/opt/openscad-libraries/BOSL2/distributors.scad", "/opt/openscad-libraries/BOSL2/drawing.scad", "/opt/openscad-libraries/BOSL2/geometry.scad", "/opt/openscad-libraries/BOSL2/linalg.scad", "/opt/openscad-libraries/BOSL2/lists.scad", "/opt/openscad-libraries/BOSL2/masks.scad", "/opt/openscad-libraries/BOSL2/math.scad", "/opt/openscad-libraries/BOSL2/miscellaneous.scad", "/opt/openscad-libraries/BOSL2/partitions.scad", "/opt/openscad-libraries/BOSL2/paths.scad", "/opt/openscad-libraries/BOSL2/regions.scad", "/opt/openscad-libraries/BOSL2/rounding.scad", "/opt/openscad-libraries/BOSL2/shapes2d.scad", "/opt/openscad-libraries/BOSL2/shapes3d.scad", "/opt/openscad-libraries/BOSL2/skin.scad", "/opt/openscad-libraries/BOSL2/std.scad", "/opt/openscad-libraries/BOSL2/strings.scad", "/opt/openscad-libraries/BOSL2/structs.scad", "/opt/openscad-libraries/BOSL2/transforms.scad", "/opt/openscad-libraries/BOSL2/trigonometry.scad", "/opt/openscad-libraries/BOSL2/utility.scad", "/opt/openscad-libraries/BOSL2/vectors.scad", "/opt/openscad-libraries/BOSL2/version.scad", "/opt/openscad-libraries/BOSL2/vnf.scad", ".cache/scad-project/state/design-entrypoints/5a01282422fe1ed6.scad", "dsg/openscad/components/node-receiver/node_receiver/design/design.md", "dsg/openscad/components/node-receiver/node_receiver/node_receiver_render.scad", "dsg/openscad/components/node-receiver/node_receiver.scad", "dsg/openscad/design_support.scad", "dsg/openscad/lib/detachable_interface_spec.scad", "dsg/openscad/lib/node_interface.scad"])
+ xvfb-run -a openscad --render --camera=0.0,0.0,0.0,90.0,0.0,0.0,0.0 --autocenter --viewall --imgsize=640,480 -o /work/.cache/scad-project/design-stage/project/openscad/components/node-receiver/node_receiver/design/img/.01-profile.unwatermarked.png /work/.cache/scad-project/state/design-entrypoints/5a01282422fe1ed6.scad
Geometries in cache: 15
Geometry cache size in bytes: 21312
CGAL Polyhedrons in cache: 2
CGAL cache size in bytes: 10000
Total rendering time: 0:00:00.073
   Top level object is a 3D object (manifold):
   Status:     NoError
   Genus:      0
   Vertices:       20
   Facets:         36
+ scad-image-watermark /work/.cache/scad-project/design-stage/project/openscad/components/node-receiver/node_receiver/design/img/.01-profile.unwatermarked.png /work/.cache/scad-project/design-stage/project/openscad/components/node-receiver/node_receiver/design/img/01-profile.png --text © 2026 brainboxemb
SCons design built: .cache/scad-project/design-stage/project/openscad/components/node-receiver/node_receiver/design/img/01-profile.png
_action([".cache/scad-project/design-stage/project/openscad/components/node-receiver/node_receiver/design/img/02-profile-vs-extrusion.png"], ["/opt/openscad-libraries/BOSL2/affine.scad", "/opt/openscad-libraries/BOSL2/attachments.scad", "/opt/openscad-libraries/BOSL2/beziers.scad", "/opt/openscad-libraries/BOSL2/builtins.scad", "/opt/openscad-libraries/BOSL2/color.scad", "/opt/openscad-libraries/BOSL2/comparisons.scad", "/opt/openscad-libraries/BOSL2/constants.scad", "/opt/openscad-libraries/BOSL2/coords.scad", "/opt/openscad-libraries/BOSL2/distributors.scad", "/opt/openscad-libraries/BOSL2/drawing.scad", "/opt/openscad-libraries/BOSL2/geometry.scad", "/opt/openscad-libraries/BOSL2/linalg.scad", "/opt/openscad-libraries/BOSL2/lists.scad", "/opt/openscad-libraries/BOSL2/masks.scad", "/opt/openscad-libraries/BOSL2/math.scad", "/opt/openscad-libraries/BOSL2/miscellaneous.scad", "/opt/openscad-libraries/BOSL2/partitions.scad", "/opt/openscad-libraries/BOSL2/paths.scad", "/opt/openscad-libraries/BOSL2/regions.scad", "/opt/openscad-libraries/BOSL2/rounding.scad", "/opt/openscad-libraries/BOSL2/shapes2d.scad", "/opt/openscad-libraries/BOSL2/shapes3d.scad", "/opt/openscad-libraries/BOSL2/skin.scad", "/opt/openscad-libraries/BOSL2/std.scad", "/opt/openscad-libraries/BOSL2/strings.scad", "/opt/openscad-libraries/BOSL2/structs.scad", "/opt/openscad-libraries/BOSL2/transforms.scad", "/opt/openscad-libraries/BOSL2/trigonometry.scad", "/opt/openscad-libraries/BOSL2/utility.scad", "/opt/openscad-libraries/BOSL2/vectors.scad", "/opt/openscad-libraries/BOSL2/version.scad", "/opt/openscad-libraries/BOSL2/vnf.scad", ".cache/scad-project/state/design-entrypoints/4b3feea4805f4f5e.scad", "dsg/openscad/components/node-receiver/node_receiver/design/design.md", "dsg/openscad/components/node-receiver/node_receiver/node_receiver_render.scad", "dsg/openscad/components/node-receiver/node_receiver.scad", "dsg/openscad/design_support.scad", "dsg/openscad/lib/detachable_interface_spec.scad", "dsg/openscad/lib/node_interface.scad"])
+ xvfb-run -a openscad --render --camera=0.0,0.0,0.0,68.0,0.0,28.0,0.0 --autocenter --viewall --imgsize=640,480 -o /work/.cache/scad-project/design-stage/project/openscad/components/node-receiver/node_receiver/design/img/.02-profile-vs-extrusion.unwatermarked.png /work/.cache/scad-project/state/design-entrypoints/4b3feea4805f4f5e.scad
Geometries in cache: 16
Geometry cache size in bytes: 23368
CGAL Polyhedrons in cache: 4
CGAL cache size in bytes: 30000
Total rendering time: 0:00:00.074
   Top level object is a 3D object (manifold):
   Status:     NoError
   Genus:      -1
   Vertices:       40
   Facets:         72
+ scad-image-watermark /work/.cache/scad-project/design-stage/project/openscad/components/node-receiver/node_receiver/design/img/.02-profile-vs-extrusion.unwatermarked.png /work/.cache/scad-project/design-stage/project/openscad/components/node-receiver/node_receiver/design/img/02-profile-vs-extrusion.png --text © 2026 brainboxemb
SCons design built: .cache/scad-project/design-stage/project/openscad/components/node-receiver/node_receiver/design/img/02-profile-vs-extrusion.png
_action([".cache/scad-project/design-stage/project/openscad/components/node-receiver/node_receiver/design/img/03-plain.png"], ["/opt/openscad-libraries/BOSL2/affine.scad", "/opt/openscad-libraries/BOSL2/attachments.scad", "/opt/openscad-libraries/BOSL2/beziers.scad", "/opt/openscad-libraries/BOSL2/builtins.scad", "/opt/openscad-libraries/BOSL2/color.scad", "/opt/openscad-libraries/BOSL2/comparisons.scad", "/opt/openscad-libraries/BOSL2/constants.scad", "/opt/openscad-libraries/BOSL2/coords.scad", "/opt/openscad-libraries/BOSL2/distributors.scad", "/opt/openscad-libraries/BOSL2/drawing.scad", "/opt/openscad-libraries/BOSL2/geometry.scad", "/opt/openscad-libraries/BOSL2/linalg.scad", "/opt/openscad-libraries/BOSL2/lists.scad", "/opt/openscad-libraries/BOSL2/masks.scad", "/opt/openscad-libraries/BOSL2/math.scad", "/opt/openscad-libraries/BOSL2/miscellaneous.scad", "/opt/openscad-libraries/BOSL2/partitions.scad", "/opt/openscad-libraries/BOSL2/paths.scad", "/opt/openscad-libraries/BOSL2/regions.scad", "/opt/openscad-libraries/BOSL2/rounding.scad", "/opt/openscad-libraries/BOSL2/shapes2d.scad", "/opt/openscad-libraries/BOSL2/shapes3d.scad", "/opt/openscad-libraries/BOSL2/skin.scad", "/opt/openscad-libraries/BOSL2/std.scad", "/opt/openscad-libraries/BOSL2/strings.scad", "/opt/openscad-libraries/BOSL2/structs.scad", "/opt/openscad-libraries/BOSL2/transforms.scad", "/opt/openscad-libraries/BOSL2/trigonometry.scad", "/opt/openscad-libraries/BOSL2/utility.scad", "/opt/openscad-libraries/BOSL2/vectors.scad", "/opt/openscad-libraries/BOSL2/version.scad", "/opt/openscad-libraries/BOSL2/vnf.scad", ".cache/scad-project/state/design-entrypoints/9815c049233374e6.scad", "dsg/openscad/components/node-receiver/node_receiver/design/design.md", "dsg/openscad/components/node-receiver/node_receiver/node_receiver_render.scad", "dsg/openscad/components/node-receiver/node_receiver.scad", "dsg/openscad/design_support.scad", "dsg/openscad/lib/detachable_interface_spec.scad", "dsg/openscad/lib/node_interface.scad"])
+ xvfb-run -a openscad --render --camera=0.0,0.0,0.0,68.0,0.0,28.0,0.0 --autocenter --viewall --imgsize=640,480 -o /work/.cache/scad-project/design-stage/project/openscad/components/node-receiver/node_receiver/design/img/.03-plain.unwatermarked.png /work/.cache/scad-project/state/design-entrypoints/9815c049233374e6.scad
Geometries in cache: 13
Geometry cache size in bytes: 20800
CGAL Polyhedrons in cache: 0
CGAL cache size in bytes: 0
Total rendering time: 0:00:00.071
Top level object is a 3D object (PolySet):
   Convex:       no
   Triangles:     36
+ scad-image-watermark /work/.cache/scad-project/design-stage/project/openscad/components/node-receiver/node_receiver/design/img/.03-plain.unwatermarked.png /work/.cache/scad-project/design-stage/project/openscad/components/node-receiver/node_receiver/design/img/03-plain.png --text © 2026 brainboxemb
SCons design built: .cache/scad-project/design-stage/project/openscad/components/node-receiver/node_receiver/design/img/03-plain.png
_action([".cache/scad-project/design-stage/project/openscad/components/node-receiver/node_receiver/design/img/04-pattern-cutters.png"], ["/opt/openscad-libraries/BOSL2/affine.scad", "/opt/openscad-libraries/BOSL2/attachments.scad", "/opt/openscad-libraries/BOSL2/beziers.scad", "/opt/openscad-libraries/BOSL2/builtins.scad", "/opt/openscad-libraries/BOSL2/color.scad", "/opt/openscad-libraries/BOSL2/comparisons.scad", "/opt/openscad-libraries/BOSL2/constants.scad", "/opt/openscad-libraries/BOSL2/coords.scad", "/opt/openscad-libraries/BOSL2/distributors.scad", "/opt/openscad-libraries/BOSL2/drawing.scad", "/opt/openscad-libraries/BOSL2/geometry.scad", "/opt/openscad-libraries/BOSL2/linalg.scad", "/opt/openscad-libraries/BOSL2/lists.scad", "/opt/openscad-libraries/BOSL2/masks.scad", "/opt/openscad-libraries/BOSL2/math.scad", "/opt/openscad-libraries/BOSL2/miscellaneous.scad", "/opt/openscad-libraries/BOSL2/partitions.scad", "/opt/openscad-libraries/BOSL2/paths.scad", "/opt/openscad-libraries/BOSL2/regions.scad", "/opt/openscad-libraries/BOSL2/rounding.scad", "/opt/openscad-libraries/BOSL2/shapes2d.scad", "/opt/openscad-libraries/BOSL2/shapes3d.scad", "/opt/openscad-libraries/BOSL2/skin.scad", "/opt/openscad-libraries/BOSL2/std.scad", "/opt/openscad-libraries/BOSL2/strings.scad", "/opt/openscad-libraries/BOSL2/structs.scad", "/opt/openscad-libraries/BOSL2/transforms.scad", "/opt/openscad-libraries/BOSL2/trigonometry.scad", "/opt/openscad-libraries/BOSL2/utility.scad", "/opt/openscad-libraries/BOSL2/vectors.scad", "/opt/openscad-libraries/BOSL2/version.scad", "/opt/openscad-libraries/BOSL2/vnf.scad", ".cache/scad-project/state/design-entrypoints/9c303b06d1a17926.scad", "dsg/openscad/components/node-receiver/node_receiver/design/design.md", "dsg/openscad/components/node-receiver/node_receiver/node_receiver_render.scad", "dsg/openscad/components/node-receiver/node_receiver.scad", "dsg/openscad/design_support.scad", "dsg/openscad/lib/detachable_interface_spec.scad", "dsg/openscad/lib/node_interface.scad"])
+ xvfb-run -a openscad --render --camera=0.0,0.0,0.0,68.0,0.0,28.0,0.0 --autocenter --viewall --imgsize=640,480 -o /work/.cache/scad-project/design-stage/project/openscad/components/node-receiver/node_receiver/design/img/.04-pattern-cutters.unwatermarked.png /work/.cache/scad-project/state/design-entrypoints/9c303b06d1a17926.scad
Geometries in cache: 43
Geometry cache size in bytes: 46480
CGAL Polyhedrons in cache: 5
CGAL cache size in bytes: 349750
Total rendering time: 0:00:00.083
   Top level object is a 3D object (manifold):
   Status:     NoError
   Genus:      0
   Vertices:      401
   Facets:        798
+ scad-image-watermark /work/.cache/scad-project/design-stage/project/openscad/components/node-receiver/node_receiver/design/img/.04-pattern-cutters.unwatermarked.png /work/.cache/scad-project/design-stage/project/openscad/components/node-receiver/node_receiver/design/img/04-pattern-cutters.png --text © 2026 brainboxemb
SCons design built: .cache/scad-project/design-stage/project/openscad/components/node-receiver/node_receiver/design/img/04-pattern-cutters.png
_action([".cache/scad-project/design-stage/project/openscad/components/node-receiver/node_receiver/design/img/05-final.png"], ["/opt/openscad-libraries/BOSL2/affine.scad", "/opt/openscad-libraries/BOSL2/attachments.scad", "/opt/openscad-libraries/BOSL2/beziers.scad", "/opt/openscad-libraries/BOSL2/builtins.scad", "/opt/openscad-libraries/BOSL2/color.scad", "/opt/openscad-libraries/BOSL2/comparisons.scad", "/opt/openscad-libraries/BOSL2/constants.scad", "/opt/openscad-libraries/BOSL2/coords.scad", "/opt/openscad-libraries/BOSL2/distributors.scad", "/opt/openscad-libraries/BOSL2/drawing.scad", "/opt/openscad-libraries/BOSL2/geometry.scad", "/opt/openscad-libraries/BOSL2/linalg.scad", "/opt/openscad-libraries/BOSL2/lists.scad", "/opt/openscad-libraries/BOSL2/masks.scad", "/opt/openscad-libraries/BOSL2/math.scad", "/opt/openscad-libraries/BOSL2/miscellaneous.scad", "/opt/openscad-libraries/BOSL2/partitions.scad", "/opt/openscad-libraries/BOSL2/paths.scad", "/opt/openscad-libraries/BOSL2/regions.scad", "/opt/openscad-libraries/BOSL2/rounding.scad", "/opt/openscad-libraries/BOSL2/shapes2d.scad", "/opt/openscad-libraries/BOSL2/shapes3d.scad", "/opt/openscad-libraries/BOSL2/skin.scad", "/opt/openscad-libraries/BOSL2/std.scad", "/opt/openscad-libraries/BOSL2/strings.scad", "/opt/openscad-libraries/BOSL2/structs.scad", "/opt/openscad-libraries/BOSL2/transforms.scad", "/opt/openscad-libraries/BOSL2/trigonometry.scad", "/opt/openscad-libraries/BOSL2/utility.scad", "/opt/openscad-libraries/BOSL2/vectors.scad", "/opt/openscad-libraries/BOSL2/version.scad", "/opt/openscad-libraries/BOSL2/vnf.scad", ".cache/scad-project/state/design-entrypoints/5b522eb91f8787de.scad", "dsg/openscad/components/node-receiver/node_receiver/design/design.md", "dsg/openscad/components/node-receiver/node_receiver/node_receiver_render.scad", "dsg/openscad/components/node-receiver/node_receiver.scad", "dsg/openscad/design_support.scad", "dsg/openscad/lib/detachable_interface_spec.scad", "dsg/openscad/lib/node_interface.scad"])
+ xvfb-run -a openscad --render --camera=0.0,0.0,0.0,68.0,0.0,28.0,0.0 --autocenter --viewall --imgsize=640,480 -o /work/.cache/scad-project/design-stage/project/openscad/components/node-receiver/node_receiver/design/img/.05-final.unwatermarked.png /work/.cache/scad-project/state/design-entrypoints/5b522eb91f8787de.scad
Geometries in cache: 41
Geometry cache size in bytes: 42368
CGAL Polyhedrons in cache: 4
CGAL cache size in bytes: 237750
Total rendering time: 0:00:00.082
   Top level object is a 3D object (manifold):
   Status:     NoError
   Genus:      0
   Vertices:      372
   Facets:        740
+ scad-image-watermark /work/.cache/scad-project/design-stage/project/openscad/components/node-receiver/node_receiver/design/img/.05-final.unwatermarked.png /work/.cache/scad-project/design-stage/project/openscad/components/node-receiver/node_receiver/design/img/05-final.png --text © 2026 brainboxemb
SCons design built: .cache/scad-project/design-stage/project/openscad/components/node-receiver/node_receiver/design/img/05-final.png
_action([".cache/scad-project/design-stage/project/openscad/components/node-receiver/node_receiver/design/img/06-dimensioned-retention-profile.svg"], ["/opt/openscad-libraries/BOSL2/affine.scad", "/opt/openscad-libraries/BOSL2/attachments.scad", "/opt/openscad-libraries/BOSL2/beziers.scad", "/opt/openscad-libraries/BOSL2/builtins.scad", "/opt/openscad-libraries/BOSL2/color.scad", "/opt/openscad-libraries/BOSL2/comparisons.scad", "/opt/openscad-libraries/BOSL2/constants.scad", "/opt/openscad-libraries/BOSL2/coords.scad", "/opt/openscad-libraries/BOSL2/distributors.scad", "/opt/openscad-libraries/BOSL2/drawing.scad", "/opt/openscad-libraries/BOSL2/geometry.scad", "/opt/openscad-libraries/BOSL2/linalg.scad", "/opt/openscad-libraries/BOSL2/lists.scad", "/opt/openscad-libraries/BOSL2/masks.scad", "/opt/openscad-libraries/BOSL2/math.scad", "/opt/openscad-libraries/BOSL2/miscellaneous.scad", "/opt/openscad-libraries/BOSL2/partitions.scad", "/opt/openscad-libraries/BOSL2/paths.scad", "/opt/openscad-libraries/BOSL2/regions.scad", "/opt/openscad-libraries/BOSL2/rounding.scad", "/opt/openscad-libraries/BOSL2/shapes2d.scad", "/opt/openscad-libraries/BOSL2/shapes3d.scad", "/opt/openscad-libraries/BOSL2/skin.scad", "/opt/openscad-libraries/BOSL2/std.scad", "/opt/openscad-libraries/BOSL2/strings.scad", "/opt/openscad-libraries/BOSL2/structs.scad", "/opt/openscad-libraries/BOSL2/transforms.scad", "/opt/openscad-libraries/BOSL2/trigonometry.scad", "/opt/openscad-libraries/BOSL2/utility.scad", "/opt/openscad-libraries/BOSL2/vectors.scad", "/opt/openscad-libraries/BOSL2/version.scad", "/opt/openscad-libraries/BOSL2/vnf.scad", ".cache/scad-project/state/design-entrypoints/600386d824643987.scad", "dsg/openscad/components/node-receiver/node_receiver/design/design.md", "dsg/openscad/components/node-receiver/node_receiver/node_receiver_drawing.scad", "dsg/openscad/design_support.scad", "dsg/openscad/lib/detachable_interface_spec.scad", "dsg/openscad/lib/node_interface.scad", "dsg/openscad/lib/technical_drawing.scad"])
+ openscad -o /work/.cache/scad-project/design-stage/project/openscad/components/node-receiver/node_receiver/design/img/06-dimensioned-retention-profile.svg /work/.cache/scad-project/state/design-entrypoints/600386d824643987.scad
Geometries in cache: 85
Geometry cache size in bytes: 1678992
CGAL Polyhedrons in cache: 0
CGAL cache size in bytes: 0
Total rendering time: 0:00:00.069
Top level object is a 2D object:
   Contours:      242
SCons design built: .cache/scad-project/design-stage/project/openscad/components/node-receiver/node_receiver/design/img/06-dimensioned-retention-profile.svg
_action([".cache/scad-project/design-stage/project/openscad/components/node-snap/node_snap/design/img/01-core-envelope.png"], ["/opt/openscad-libraries/BOSL2/affine.scad", "/opt/openscad-libraries/BOSL2/attachments.scad", "/opt/openscad-libraries/BOSL2/beziers.scad", "/opt/openscad-libraries/BOSL2/builtins.scad", "/opt/openscad-libraries/BOSL2/color.scad", "/opt/openscad-libraries/BOSL2/comparisons.scad", "/opt/openscad-libraries/BOSL2/constants.scad", "/opt/openscad-libraries/BOSL2/coords.scad", "/opt/openscad-libraries/BOSL2/distributors.scad", "/opt/openscad-libraries/BOSL2/drawing.scad", "/opt/openscad-libraries/BOSL2/geometry.scad", "/opt/openscad-libraries/BOSL2/linalg.scad", "/opt/openscad-libraries/BOSL2/lists.scad", "/opt/openscad-libraries/BOSL2/masks.scad", "/opt/openscad-libraries/BOSL2/math.scad", "/opt/openscad-libraries/BOSL2/miscellaneous.scad", "/opt/openscad-libraries/BOSL2/partitions.scad", "/opt/openscad-libraries/BOSL2/paths.scad", "/opt/openscad-libraries/BOSL2/regions.scad", "/opt/openscad-libraries/BOSL2/rounding.scad", "/opt/openscad-libraries/BOSL2/shapes2d.scad", "/opt/openscad-libraries/BOSL2/shapes3d.scad", "/opt/openscad-libraries/BOSL2/skin.scad", "/opt/openscad-libraries/BOSL2/std.scad", "/opt/openscad-libraries/BOSL2/strings.scad", "/opt/openscad-libraries/BOSL2/structs.scad", "/opt/openscad-libraries/BOSL2/transforms.scad", "/opt/openscad-libraries/BOSL2/trigonometry.scad", "/opt/openscad-libraries/BOSL2/utility.scad", "/opt/openscad-libraries/BOSL2/vectors.scad", "/opt/openscad-libraries/BOSL2/version.scad", "/opt/openscad-libraries/BOSL2/vnf.scad", ".cache/scad-project/state/design-entrypoints/15ff0151aa27d528.scad", "dsg/openscad/components/node-snap/node_snap/design/design.md", "dsg/openscad/components/node-snap/node_snap/node_snap_render.scad", "dsg/openscad/components/node-snap/node_snap.scad", "dsg/openscad/design_support.scad", "dsg/openscad/lib/detachable_interface_spec.scad", "dsg/openscad/lib/node_interface.scad"])
+ xvfb-run -a openscad --render --camera=0.0,0.0,0.0,68.0,0.0,35.0,0.0 --autocenter --viewall --imgsize=640,480 -o /work/.cache/scad-project/design-stage/project/openscad/components/node-snap/node_snap/design/img/.01-core-envelope.unwatermarked.png /work/.cache/scad-project/state/design-entrypoints/15ff0151aa27d528.scad
Geometries in cache: 11
Geometry cache size in bytes: 9920
CGAL Polyhedrons in cache: 23
CGAL cache size in bytes: 52000
Total rendering time: 0:00:00.076
   Top level object is a 3D object (manifold):
   Status:     NoError
   Genus:      0
   Vertices:       16
   Facets:         28
+ scad-image-watermark /work/.cache/scad-project/design-stage/project/openscad/components/node-snap/node_snap/design/img/.01-core-envelope.unwatermarked.png /work/.cache/scad-project/design-stage/project/openscad/components/node-snap/node_snap/design/img/01-core-envelope.png --text © 2026 brainboxemb
SCons design built: .cache/scad-project/design-stage/project/openscad/components/node-snap/node_snap/design/img/01-core-envelope.png
_action([".cache/scad-project/design-stage/project/openscad/components/node-snap/node_snap/design/img/02-positive-wall.png"], ["/opt/openscad-libraries/BOSL2/affine.scad", "/opt/openscad-libraries/BOSL2/attachments.scad", "/opt/openscad-libraries/BOSL2/beziers.scad", "/opt/openscad-libraries/BOSL2/builtins.scad", "/opt/openscad-libraries/BOSL2/color.scad", "/opt/openscad-libraries/BOSL2/comparisons.scad", "/opt/openscad-libraries/BOSL2/constants.scad", "/opt/openscad-libraries/BOSL2/coords.scad", "/opt/openscad-libraries/BOSL2/distributors.scad", "/opt/openscad-libraries/BOSL2/drawing.scad", "/opt/openscad-libraries/BOSL2/geometry.scad", "/opt/openscad-libraries/BOSL2/linalg.scad", "/opt/openscad-libraries/BOSL2/lists.scad", "/opt/openscad-libraries/BOSL2/masks.scad", "/opt/openscad-libraries/BOSL2/math.scad", "/opt/openscad-libraries/BOSL2/miscellaneous.scad", "/opt/openscad-libraries/BOSL2/partitions.scad", "/opt/openscad-libraries/BOSL2/paths.scad", "/opt/openscad-libraries/BOSL2/regions.scad", "/opt/openscad-libraries/BOSL2/rounding.scad", "/opt/openscad-libraries/BOSL2/shapes2d.scad", "/opt/openscad-libraries/BOSL2/shapes3d.scad", "/opt/openscad-libraries/BOSL2/skin.scad", "/opt/openscad-libraries/BOSL2/std.scad", "/opt/openscad-libraries/BOSL2/strings.scad", "/opt/openscad-libraries/BOSL2/structs.scad", "/opt/openscad-libraries/BOSL2/transforms.scad", "/opt/openscad-libraries/BOSL2/trigonometry.scad", "/opt/openscad-libraries/BOSL2/utility.scad", "/opt/openscad-libraries/BOSL2/vectors.scad", "/opt/openscad-libraries/BOSL2/version.scad", "/opt/openscad-libraries/BOSL2/vnf.scad", ".cache/scad-project/state/design-entrypoints/affbfe45112f898d.scad", "dsg/openscad/components/node-snap/node_snap/design/design.md", "dsg/openscad/components/node-snap/node_snap/node_snap_render.scad", "dsg/openscad/components/node-snap/node_snap.scad", "dsg/openscad/design_support.scad", "dsg/openscad/lib/detachable_interface_spec.scad", "dsg/openscad/lib/node_interface.scad"])
+ xvfb-run -a openscad --render --camera=0.0,0.0,0.0,68.0,0.0,35.0,0.0 --autocenter --viewall --imgsize=640,480 -o /work/.cache/scad-project/design-stage/project/openscad/components/node-snap/node_snap/design/img/.02-positive-wall.unwatermarked.png /work/.cache/scad-project/state/design-entrypoints/affbfe45112f898d.scad
Geometries in cache: 14
Geometry cache size in bytes: 12488
CGAL Polyhedrons in cache: 26
CGAL cache size in bytes: 63750
Total rendering time: 0:00:00.078
   Top level object is a 3D object (manifold):
   Status:     NoError
   Genus:      0
   Vertices:       23
   Facets:         42
+ scad-image-watermark /work/.cache/scad-project/design-stage/project/openscad/components/node-snap/node_snap/design/img/.02-positive-wall.unwatermarked.png /work/.cache/scad-project/design-stage/project/openscad/components/node-snap/node_snap/design/img/02-positive-wall.png --text © 2026 brainboxemb
SCons design built: .cache/scad-project/design-stage/project/openscad/components/node-snap/node_snap/design/img/02-positive-wall.png
_action([".cache/scad-project/design-stage/project/openscad/components/node-snap/node_snap/design/img/03-side-walls.png"], ["/opt/openscad-libraries/BOSL2/affine.scad", "/opt/openscad-libraries/BOSL2/attachments.scad", "/opt/openscad-libraries/BOSL2/beziers.scad", "/opt/openscad-libraries/BOSL2/builtins.scad", "/opt/openscad-libraries/BOSL2/color.scad", "/opt/openscad-libraries/BOSL2/comparisons.scad", "/opt/openscad-libraries/BOSL2/constants.scad", "/opt/openscad-libraries/BOSL2/coords.scad", "/opt/openscad-libraries/BOSL2/distributors.scad", "/opt/openscad-libraries/BOSL2/drawing.scad", "/opt/openscad-libraries/BOSL2/geometry.scad", "/opt/openscad-libraries/BOSL2/linalg.scad", "/opt/openscad-libraries/BOSL2/lists.scad", "/opt/openscad-libraries/BOSL2/masks.scad", "/opt/openscad-libraries/BOSL2/math.scad", "/opt/openscad-libraries/BOSL2/miscellaneous.scad", "/opt/openscad-libraries/BOSL2/partitions.scad", "/opt/openscad-libraries/BOSL2/paths.scad", "/opt/openscad-libraries/BOSL2/regions.scad", "/opt/openscad-libraries/BOSL2/rounding.scad", "/opt/openscad-libraries/BOSL2/shapes2d.scad", "/opt/openscad-libraries/BOSL2/shapes3d.scad", "/opt/openscad-libraries/BOSL2/skin.scad", "/opt/openscad-libraries/BOSL2/std.scad", "/opt/openscad-libraries/BOSL2/strings.scad", "/opt/openscad-libraries/BOSL2/structs.scad", "/opt/openscad-libraries/BOSL2/transforms.scad", "/opt/openscad-libraries/BOSL2/trigonometry.scad", "/opt/openscad-libraries/BOSL2/utility.scad", "/opt/openscad-libraries/BOSL2/vectors.scad", "/opt/openscad-libraries/BOSL2/version.scad", "/opt/openscad-libraries/BOSL2/vnf.scad", ".cache/scad-project/state/design-entrypoints/d0014bb78c20773a.scad", "dsg/openscad/components/node-snap/node_snap/design/design.md", "dsg/openscad/components/node-snap/node_snap/node_snap_render.scad", "dsg/openscad/components/node-snap/node_snap.scad", "dsg/openscad/design_support.scad", "dsg/openscad/lib/detachable_interface_spec.scad", "dsg/openscad/lib/node_interface.scad"])
+ xvfb-run -a openscad --render --camera=0.0,0.0,0.0,68.0,0.0,35.0,0.0 --autocenter --viewall --imgsize=640,480 -o /work/.cache/scad-project/design-stage/project/openscad/components/node-snap/node_snap/design/img/.03-side-walls.unwatermarked.png /work/.cache/scad-project/state/design-entrypoints/d0014bb78c20773a.scad
Geometries in cache: 15
Geometry cache size in bytes: 13344
CGAL Polyhedrons in cache: 26
CGAL cache size in bytes: 66000
Total rendering time: 0:00:00.078
   Top level object is a 3D object (manifold):
   Status:     NoError
   Genus:      -1
   Vertices:       24
   Facets:         40
+ scad-image-watermark /work/.cache/scad-project/design-stage/project/openscad/components/node-snap/node_snap/design/img/.03-side-walls.unwatermarked.png /work/.cache/scad-project/design-stage/project/openscad/components/node-snap/node_snap/design/img/03-side-walls.png --text © 2026 brainboxemb
SCons design built: .cache/scad-project/design-stage/project/openscad/components/node-snap/node_snap/design/img/03-side-walls.png
_action([".cache/scad-project/design-stage/project/openscad/components/node-snap/node_snap/design/img/04-nub-box.png"], ["/opt/openscad-libraries/BOSL2/affine.scad", "/opt/openscad-libraries/BOSL2/attachments.scad", "/opt/openscad-libraries/BOSL2/beziers.scad", "/opt/openscad-libraries/BOSL2/builtins.scad", "/opt/openscad-libraries/BOSL2/color.scad", "/opt/openscad-libraries/BOSL2/comparisons.scad", "/opt/openscad-libraries/BOSL2/constants.scad", "/opt/openscad-libraries/BOSL2/coords.scad", "/opt/openscad-libraries/BOSL2/distributors.scad", "/opt/openscad-libraries/BOSL2/drawing.scad", "/opt/openscad-libraries/BOSL2/geometry.scad", "/opt/openscad-libraries/BOSL2/linalg.scad", "/opt/openscad-libraries/BOSL2/lists.scad", "/opt/openscad-libraries/BOSL2/masks.scad", "/opt/openscad-libraries/BOSL2/math.scad", "/opt/openscad-libraries/BOSL2/miscellaneous.scad", "/opt/openscad-libraries/BOSL2/partitions.scad", "/opt/openscad-libraries/BOSL2/paths.scad", "/opt/openscad-libraries/BOSL2/regions.scad", "/opt/openscad-libraries/BOSL2/rounding.scad", "/opt/openscad-libraries/BOSL2/shapes2d.scad", "/opt/openscad-libraries/BOSL2/shapes3d.scad", "/opt/openscad-libraries/BOSL2/skin.scad", "/opt/openscad-libraries/BOSL2/std.scad", "/opt/openscad-libraries/BOSL2/strings.scad", "/opt/openscad-libraries/BOSL2/structs.scad", "/opt/openscad-libraries/BOSL2/transforms.scad", "/opt/openscad-libraries/BOSL2/trigonometry.scad", "/opt/openscad-libraries/BOSL2/utility.scad", "/opt/openscad-libraries/BOSL2/vectors.scad", "/opt/openscad-libraries/BOSL2/version.scad", "/opt/openscad-libraries/BOSL2/vnf.scad", ".cache/scad-project/state/design-entrypoints/26698c9e96e75adc.scad", "dsg/openscad/components/node-snap/node_snap/design/design.md", "dsg/openscad/components/node-snap/node_snap/node_snap_render.scad", "dsg/openscad/components/node-snap/node_snap.scad", "dsg/openscad/design_support.scad", "dsg/openscad/lib/detachable_interface_spec.scad", "dsg/openscad/lib/node_interface.scad"])
+ xvfb-run -a openscad --render --camera=0.0,0.0,0.0,68.0,0.0,35.0,0.0 --autocenter --viewall --imgsize=640,480 -o /work/.cache/scad-project/design-stage/project/openscad/components/node-snap/node_snap/design/img/.04-nub-box.unwatermarked.png /work/.cache/scad-project/state/design-entrypoints/26698c9e96e75adc.scad
Geometries in cache: 23
Geometry cache size in bytes: 20192
CGAL Polyhedrons in cache: 27
CGAL cache size in bytes: 74000
Total rendering time: 0:00:00.078
   Top level object is a 3D object (manifold):
   Status:     NoError
   Genus:      -1
   Vertices:       32
   Facets:         56
+ scad-image-watermark /work/.cache/scad-project/design-stage/project/openscad/components/node-snap/node_snap/design/img/.04-nub-box.unwatermarked.png /work/.cache/scad-project/design-stage/project/openscad/components/node-snap/node_snap/design/img/04-nub-box.png --text © 2026 brainboxemb
SCons design built: .cache/scad-project/design-stage/project/openscad/components/node-snap/node_snap/design/img/04-nub-box.png
_action([".cache/scad-project/design-stage/project/openscad/components/node-snap/node_snap/design/img/05-nub-wedge-shaped.png"], ["/opt/openscad-libraries/BOSL2/affine.scad", "/opt/openscad-libraries/BOSL2/attachments.scad", "/opt/openscad-libraries/BOSL2/beziers.scad", "/opt/openscad-libraries/BOSL2/builtins.scad", "/opt/openscad-libraries/BOSL2/color.scad", "/opt/openscad-libraries/BOSL2/comparisons.scad", "/opt/openscad-libraries/BOSL2/constants.scad", "/opt/openscad-libraries/BOSL2/coords.scad", "/opt/openscad-libraries/BOSL2/distributors.scad", "/opt/openscad-libraries/BOSL2/drawing.scad", "/opt/openscad-libraries/BOSL2/geometry.scad", "/opt/openscad-libraries/BOSL2/linalg.scad", "/opt/openscad-libraries/BOSL2/lists.scad", "/opt/openscad-libraries/BOSL2/masks.scad", "/opt/openscad-libraries/BOSL2/math.scad", "/opt/openscad-libraries/BOSL2/miscellaneous.scad", "/opt/openscad-libraries/BOSL2/partitions.scad", "/opt/openscad-libraries/BOSL2/paths.scad", "/opt/openscad-libraries/BOSL2/regions.scad", "/opt/openscad-libraries/BOSL2/rounding.scad", "/opt/openscad-libraries/BOSL2/shapes2d.scad", "/opt/openscad-libraries/BOSL2/shapes3d.scad", "/opt/openscad-libraries/BOSL2/skin.scad", "/opt/openscad-libraries/BOSL2/std.scad", "/opt/openscad-libraries/BOSL2/strings.scad", "/opt/openscad-libraries/BOSL2/structs.scad", "/opt/openscad-libraries/BOSL2/transforms.scad", "/opt/openscad-libraries/BOSL2/trigonometry.scad", "/opt/openscad-libraries/BOSL2/utility.scad", "/opt/openscad-libraries/BOSL2/vectors.scad", "/opt/openscad-libraries/BOSL2/version.scad", "/opt/openscad-libraries/BOSL2/vnf.scad", ".cache/scad-project/state/design-entrypoints/64ea42307876156c.scad", "dsg/openscad/components/node-snap/node_snap/design/design.md", "dsg/openscad/components/node-snap/node_snap/node_snap_render.scad", "dsg/openscad/components/node-snap/node_snap.scad", "dsg/openscad/design_support.scad", "dsg/openscad/lib/detachable_interface_spec.scad", "dsg/openscad/lib/node_interface.scad"])
+ xvfb-run -a openscad --render --camera=0.0,0.0,0.0,68.0,0.0,35.0,0.0 --autocenter --viewall --imgsize=640,480 -o /work/.cache/scad-project/design-stage/project/openscad/components/node-snap/node_snap/design/img/.05-nub-wedge-shaped.unwatermarked.png /work/.cache/scad-project/state/design-entrypoints/64ea42307876156c.scad
Geometries in cache: 26
Geometry cache size in bytes: 21752
CGAL Polyhedrons in cache: 32
CGAL cache size in bytes: 96000
Total rendering time: 0:00:00.080
   Top level object is a 3D object (manifold):
   Status:     NoError
   Genus:      -1
   Vertices:       40
   Facets:         72
+ scad-image-watermark /work/.cache/scad-project/design-stage/project/openscad/components/node-snap/node_snap/design/img/.05-nub-wedge-shaped.unwatermarked.png /work/.cache/scad-project/design-stage/project/openscad/components/node-snap/node_snap/design/img/05-nub-wedge-shaped.png --text © 2026 brainboxemb
SCons design built: .cache/scad-project/design-stage/project/openscad/components/node-snap/node_snap/design/img/05-nub-wedge-shaped.png
_action([".cache/scad-project/design-stage/project/openscad/components/node-snap/node_snap/design/img/06-nub-final-one-side.png"], ["/opt/openscad-libraries/BOSL2/affine.scad", "/opt/openscad-libraries/BOSL2/attachments.scad", "/opt/openscad-libraries/BOSL2/beziers.scad", "/opt/openscad-libraries/BOSL2/builtins.scad", "/opt/openscad-libraries/BOSL2/color.scad", "/opt/openscad-libraries/BOSL2/comparisons.scad", "/opt/openscad-libraries/BOSL2/constants.scad", "/opt/openscad-libraries/BOSL2/coords.scad", "/opt/openscad-libraries/BOSL2/distributors.scad", "/opt/openscad-libraries/BOSL2/drawing.scad", "/opt/openscad-libraries/BOSL2/geometry.scad", "/opt/openscad-libraries/BOSL2/linalg.scad", "/opt/openscad-libraries/BOSL2/lists.scad", "/opt/openscad-libraries/BOSL2/masks.scad", "/opt/openscad-libraries/BOSL2/math.scad", "/opt/openscad-libraries/BOSL2/miscellaneous.scad", "/opt/openscad-libraries/BOSL2/partitions.scad", "/opt/openscad-libraries/BOSL2/paths.scad", "/opt/openscad-libraries/BOSL2/regions.scad", "/opt/openscad-libraries/BOSL2/rounding.scad", "/opt/openscad-libraries/BOSL2/shapes2d.scad", "/opt/openscad-libraries/BOSL2/shapes3d.scad", "/opt/openscad-libraries/BOSL2/skin.scad", "/opt/openscad-libraries/BOSL2/std.scad", "/opt/openscad-libraries/BOSL2/strings.scad", "/opt/openscad-libraries/BOSL2/structs.scad", "/opt/openscad-libraries/BOSL2/transforms.scad", "/opt/openscad-libraries/BOSL2/trigonometry.scad", "/opt/openscad-libraries/BOSL2/utility.scad", "/opt/openscad-libraries/BOSL2/vectors.scad", "/opt/openscad-libraries/BOSL2/version.scad", "/opt/openscad-libraries/BOSL2/vnf.scad", ".cache/scad-project/state/design-entrypoints/3e79a1ef616f2947.scad", "dsg/openscad/components/node-snap/node_snap/design/design.md", "dsg/openscad/components/node-snap/node_snap/node_snap_render.scad", "dsg/openscad/components/node-snap/node_snap.scad", "dsg/openscad/design_support.scad", "dsg/openscad/lib/detachable_interface_spec.scad", "dsg/openscad/lib/node_interface.scad"])
+ xvfb-run -a openscad --render --camera=0.0,0.0,0.0,68.0,0.0,35.0,0.0 --autocenter --viewall --imgsize=640,480 -o /work/.cache/scad-project/design-stage/project/openscad/components/node-snap/node_snap/design/img/.06-nub-final-one-side.unwatermarked.png /work/.cache/scad-project/state/design-entrypoints/3e79a1ef616f2947.scad
Geometries in cache: 32
Geometry cache size in bytes: 204296
CGAL Polyhedrons in cache: 33
CGAL cache size in bytes: 160000
Total rendering time: 0:00:00.082
   Top level object is a 3D object (manifold):
   Status:     NoError
   Genus:      -1
   Vertices:       80
   Facets:        152
+ scad-image-watermark /work/.cache/scad-project/design-stage/project/openscad/components/node-snap/node_snap/design/img/.06-nub-final-one-side.unwatermarked.png /work/.cache/scad-project/design-stage/project/openscad/components/node-snap/node_snap/design/img/06-nub-final-one-side.png --text © 2026 brainboxemb
SCons design built: .cache/scad-project/design-stage/project/openscad/components/node-snap/node_snap/design/img/06-nub-final-one-side.png
_action([".cache/scad-project/design-stage/project/openscad/components/node-snap/node_snap/design/img/07-nubs.png"], ["/opt/openscad-libraries/BOSL2/affine.scad", "/opt/openscad-libraries/BOSL2/attachments.scad", "/opt/openscad-libraries/BOSL2/beziers.scad", "/opt/openscad-libraries/BOSL2/builtins.scad", "/opt/openscad-libraries/BOSL2/color.scad", "/opt/openscad-libraries/BOSL2/comparisons.scad", "/opt/openscad-libraries/BOSL2/constants.scad", "/opt/openscad-libraries/BOSL2/coords.scad", "/opt/openscad-libraries/BOSL2/distributors.scad", "/opt/openscad-libraries/BOSL2/drawing.scad", "/opt/openscad-libraries/BOSL2/geometry.scad", "/opt/openscad-libraries/BOSL2/linalg.scad", "/opt/openscad-libraries/BOSL2/lists.scad", "/opt/openscad-libraries/BOSL2/masks.scad", "/opt/openscad-libraries/BOSL2/math.scad", "/opt/openscad-libraries/BOSL2/miscellaneous.scad", "/opt/openscad-libraries/BOSL2/partitions.scad", "/opt/openscad-libraries/BOSL2/paths.scad", "/opt/openscad-libraries/BOSL2/regions.scad", "/opt/openscad-libraries/BOSL2/rounding.scad", "/opt/openscad-libraries/BOSL2/shapes2d.scad", "/opt/openscad-libraries/BOSL2/shapes3d.scad", "/opt/openscad-libraries/BOSL2/skin.scad", "/opt/openscad-libraries/BOSL2/std.scad", "/opt/openscad-libraries/BOSL2/strings.scad", "/opt/openscad-libraries/BOSL2/structs.scad", "/opt/openscad-libraries/BOSL2/transforms.scad", "/opt/openscad-libraries/BOSL2/trigonometry.scad", "/opt/openscad-libraries/BOSL2/utility.scad", "/opt/openscad-libraries/BOSL2/vectors.scad", "/opt/openscad-libraries/BOSL2/version.scad", "/opt/openscad-libraries/BOSL2/vnf.scad", ".cache/scad-project/state/design-entrypoints/6c65ef839c9a3965.scad", "dsg/openscad/components/node-snap/node_snap/design/design.md", "dsg/openscad/components/node-snap/node_snap/node_snap_render.scad", "dsg/openscad/components/node-snap/node_snap.scad", "dsg/openscad/design_support.scad", "dsg/openscad/lib/detachable_interface_spec.scad", "dsg/openscad/lib/node_interface.scad"])
+ xvfb-run -a openscad --render --camera=0.0,0.0,0.0,68.0,0.0,35.0,0.0 --autocenter --viewall --imgsize=640,480 -o /work/.cache/scad-project/design-stage/project/openscad/components/node-snap/node_snap/design/img/.07-nubs.unwatermarked.png /work/.cache/scad-project/state/design-entrypoints/6c65ef839c9a3965.scad
Geometries in cache: 32
Geometry cache size in bytes: 204296
CGAL Polyhedrons in cache: 35
CGAL cache size in bytes: 230000
Total rendering time: 0:00:00.084
   Top level object is a 3D object (manifold):
   Status:     NoError
   Genus:      -1
   Vertices:      136
   Facets:        264
+ scad-image-watermark /work/.cache/scad-project/design-stage/project/openscad/components/node-snap/node_snap/design/img/.07-nubs.unwatermarked.png /work/.cache/scad-project/design-stage/project/openscad/components/node-snap/node_snap/design/img/07-nubs.png --text © 2026 brainboxemb
SCons design built: .cache/scad-project/design-stage/project/openscad/components/node-snap/node_snap/design/img/07-nubs.png
_action([".cache/scad-project/design-stage/project/openscad/components/node-snap/node_snap/design/img/08-top.png"], ["/opt/openscad-libraries/BOSL2/affine.scad", "/opt/openscad-libraries/BOSL2/attachments.scad", "/opt/openscad-libraries/BOSL2/beziers.scad", "/opt/openscad-libraries/BOSL2/builtins.scad", "/opt/openscad-libraries/BOSL2/color.scad", "/opt/openscad-libraries/BOSL2/comparisons.scad", "/opt/openscad-libraries/BOSL2/constants.scad", "/opt/openscad-libraries/BOSL2/coords.scad", "/opt/openscad-libraries/BOSL2/distributors.scad", "/opt/openscad-libraries/BOSL2/drawing.scad", "/opt/openscad-libraries/BOSL2/geometry.scad", "/opt/openscad-libraries/BOSL2/linalg.scad", "/opt/openscad-libraries/BOSL2/lists.scad", "/opt/openscad-libraries/BOSL2/masks.scad", "/opt/openscad-libraries/BOSL2/math.scad", "/opt/openscad-libraries/BOSL2/miscellaneous.scad", "/opt/openscad-libraries/BOSL2/partitions.scad", "/opt/openscad-libraries/BOSL2/paths.scad", "/opt/openscad-libraries/BOSL2/regions.scad", "/opt/openscad-libraries/BOSL2/rounding.scad", "/opt/openscad-libraries/BOSL2/shapes2d.scad", "/opt/openscad-libraries/BOSL2/shapes3d.scad", "/opt/openscad-libraries/BOSL2/skin.scad", "/opt/openscad-libraries/BOSL2/std.scad", "/opt/openscad-libraries/BOSL2/strings.scad", "/opt/openscad-libraries/BOSL2/structs.scad", "/opt/openscad-libraries/BOSL2/transforms.scad", "/opt/openscad-libraries/BOSL2/trigonometry.scad", "/opt/openscad-libraries/BOSL2/utility.scad", "/opt/openscad-libraries/BOSL2/vectors.scad", "/opt/openscad-libraries/BOSL2/version.scad", "/opt/openscad-libraries/BOSL2/vnf.scad", ".cache/scad-project/state/design-entrypoints/a7db89c217cc85e8.scad", "dsg/openscad/components/node-snap/node_snap/design/design.md", "dsg/openscad/components/node-snap/node_snap/node_snap_render.scad", "dsg/openscad/components/node-snap/node_snap.scad", "dsg/openscad/design_support.scad", "dsg/openscad/lib/detachable_interface_spec.scad", "dsg/openscad/lib/node_interface.scad"])
+ xvfb-run -a openscad --render --camera=0.0,0.0,0.0,68.0,0.0,35.0,0.0 --autocenter --viewall --imgsize=640,480 -o /work/.cache/scad-project/design-stage/project/openscad/components/node-snap/node_snap/design/img/.08-top.unwatermarked.png /work/.cache/scad-project/state/design-entrypoints/a7db89c217cc85e8.scad
Geometries in cache: 32
Geometry cache size in bytes: 204296
CGAL Polyhedrons in cache: 47
CGAL cache size in bytes: 298000
Total rendering time: 0:00:00.087
   Top level object is a 3D object (manifold):
   Status:     NoError
   Genus:      0
   Vertices:      144
   Facets:        284
+ scad-image-watermark /work/.cache/scad-project/design-stage/project/openscad/components/node-snap/node_snap/design/img/.08-top.unwatermarked.png /work/.cache/scad-project/design-stage/project/openscad/components/node-snap/node_snap/design/img/08-top.png --text © 2026 brainboxemb
SCons design built: .cache/scad-project/design-stage/project/openscad/components/node-snap/node_snap/design/img/08-top.png
_action([".cache/scad-project/design-stage/project/openscad/components/node-snap/node_snap/design/img/09-main-click-slot-cutters.png"], ["/opt/openscad-libraries/BOSL2/affine.scad", "/opt/openscad-libraries/BOSL2/attachments.scad", "/opt/openscad-libraries/BOSL2/beziers.scad", "/opt/openscad-libraries/BOSL2/builtins.scad", "/opt/openscad-libraries/BOSL2/color.scad", "/opt/openscad-libraries/BOSL2/comparisons.scad", "/opt/openscad-libraries/BOSL2/constants.scad", "/opt/openscad-libraries/BOSL2/coords.scad", "/opt/openscad-libraries/BOSL2/distributors.scad", "/opt/openscad-libraries/BOSL2/drawing.scad", "/opt/openscad-libraries/BOSL2/geometry.scad", "/opt/openscad-libraries/BOSL2/linalg.scad", "/opt/openscad-libraries/BOSL2/lists.scad", "/opt/openscad-libraries/BOSL2/masks.scad", "/opt/openscad-libraries/BOSL2/math.scad", "/opt/openscad-libraries/BOSL2/miscellaneous.scad", "/opt/openscad-libraries/BOSL2/partitions.scad", "/opt/openscad-libraries/BOSL2/paths.scad", "/opt/openscad-libraries/BOSL2/regions.scad", "/opt/openscad-libraries/BOSL2/rounding.scad", "/opt/openscad-libraries/BOSL2/shapes2d.scad", "/opt/openscad-libraries/BOSL2/shapes3d.scad", "/opt/openscad-libraries/BOSL2/skin.scad", "/opt/openscad-libraries/BOSL2/std.scad", "/opt/openscad-libraries/BOSL2/strings.scad", "/opt/openscad-libraries/BOSL2/structs.scad", "/opt/openscad-libraries/BOSL2/transforms.scad", "/opt/openscad-libraries/BOSL2/trigonometry.scad", "/opt/openscad-libraries/BOSL2/utility.scad", "/opt/openscad-libraries/BOSL2/vectors.scad", "/opt/openscad-libraries/BOSL2/version.scad", "/opt/openscad-libraries/BOSL2/vnf.scad", ".cache/scad-project/state/design-entrypoints/64ce57289359b989.scad", "dsg/openscad/components/node-snap/node_snap/design/design.md", "dsg/openscad/components/node-snap/node_snap/node_snap_render.scad", "dsg/openscad/components/node-snap/node_snap.scad", "dsg/openscad/design_support.scad", "dsg/openscad/lib/detachable_interface_spec.scad", "dsg/openscad/lib/node_interface.scad"])
+ xvfb-run -a openscad --render --camera=0.0,0.0,0.0,68.0,0.0,35.0,0.0 --autocenter --viewall --imgsize=640,480 -o /work/.cache/scad-project/design-stage/project/openscad/components/node-snap/node_snap/design/img/.09-main-click-slot-cutters.unwatermarked.png /work/.cache/scad-project/state/design-entrypoints/64ce57289359b989.scad
Geometries in cache: 43
Geometry cache size in bytes: 311656
CGAL Polyhedrons in cache: 73
CGAL cache size in bytes: 1204000
Total rendering time: 0:00:00.101
   Top level object is a 3D object (manifold):
   Status:     NoError
   Genus:      0
   Vertices:      144
   Facets:        284
+ scad-image-watermark /work/.cache/scad-project/design-stage/project/openscad/components/node-snap/node_snap/design/img/.09-main-click-slot-cutters.unwatermarked.png /work/.cache/scad-project/design-stage/project/openscad/components/node-snap/node_snap/design/img/09-main-click-slot-cutters.png --text © 2026 brainboxemb
SCons design built: .cache/scad-project/design-stage/project/openscad/components/node-snap/node_snap/design/img/09-main-click-slot-cutters.png
_action([".cache/scad-project/design-stage/project/openscad/components/node-snap/node_snap/design/img/10-after-main-click-slots.png"], ["/opt/openscad-libraries/BOSL2/affine.scad", "/opt/openscad-libraries/BOSL2/attachments.scad", "/opt/openscad-libraries/BOSL2/beziers.scad", "/opt/openscad-libraries/BOSL2/builtins.scad", "/opt/openscad-libraries/BOSL2/color.scad", "/opt/openscad-libraries/BOSL2/comparisons.scad", "/opt/openscad-libraries/BOSL2/constants.scad", "/opt/openscad-libraries/BOSL2/coords.scad", "/opt/openscad-libraries/BOSL2/distributors.scad", "/opt/openscad-libraries/BOSL2/drawing.scad", "/opt/openscad-libraries/BOSL2/geometry.scad", "/opt/openscad-libraries/BOSL2/linalg.scad", "/opt/openscad-libraries/BOSL2/lists.scad", "/opt/openscad-libraries/BOSL2/masks.scad", "/opt/openscad-libraries/BOSL2/math.scad", "/opt/openscad-libraries/BOSL2/miscellaneous.scad", "/opt/openscad-libraries/BOSL2/partitions.scad", "/opt/openscad-libraries/BOSL2/paths.scad", "/opt/openscad-libraries/BOSL2/regions.scad", "/opt/openscad-libraries/BOSL2/rounding.scad", "/opt/openscad-libraries/BOSL2/shapes2d.scad", "/opt/openscad-libraries/BOSL2/shapes3d.scad", "/opt/openscad-libraries/BOSL2/skin.scad", "/opt/openscad-libraries/BOSL2/std.scad", "/opt/openscad-libraries/BOSL2/strings.scad", "/opt/openscad-libraries/BOSL2/structs.scad", "/opt/openscad-libraries/BOSL2/transforms.scad", "/opt/openscad-libraries/BOSL2/trigonometry.scad", "/opt/openscad-libraries/BOSL2/utility.scad", "/opt/openscad-libraries/BOSL2/vectors.scad", "/opt/openscad-libraries/BOSL2/version.scad", "/opt/openscad-libraries/BOSL2/vnf.scad", ".cache/scad-project/state/design-entrypoints/28d03f01aa0f4c4b.scad", "dsg/openscad/components/node-snap/node_snap/design/design.md", "dsg/openscad/components/node-snap/node_snap/node_snap_render.scad", "dsg/openscad/components/node-snap/node_snap.scad", "dsg/openscad/design_support.scad", "dsg/openscad/lib/detachable_interface_spec.scad", "dsg/openscad/lib/node_interface.scad"])
+ xvfb-run -a openscad --render --camera=0.0,0.0,0.0,68.0,0.0,35.0,0.0 --autocenter --viewall --imgsize=640,480 -o /work/.cache/scad-project/design-stage/project/openscad/components/node-snap/node_snap/design/img/.10-after-main-click-slots.unwatermarked.png /work/.cache/scad-project/state/design-entrypoints/28d03f01aa0f4c4b.scad
Geometries in cache: 43
Geometry cache size in bytes: 311656
CGAL Polyhedrons in cache: 72
CGAL cache size in bytes: 1334500
Total rendering time: 0:00:00.103
   Top level object is a 3D object (manifold):
   Status:     NoError
   Genus:      0
   Vertices:      666
   Facets:       1328
+ scad-image-watermark /work/.cache/scad-project/design-stage/project/openscad/components/node-snap/node_snap/design/img/.10-after-main-click-slots.unwatermarked.png /work/.cache/scad-project/design-stage/project/openscad/components/node-snap/node_snap/design/img/10-after-main-click-slots.png --text © 2026 brainboxemb
SCons design built: .cache/scad-project/design-stage/project/openscad/components/node-snap/node_snap/design/img/10-after-main-click-slots.png
_action([".cache/scad-project/design-stage/project/openscad/components/node-snap/node_snap/design/img/11-top-slot-cutters.png"], ["/opt/openscad-libraries/BOSL2/affine.scad", "/opt/openscad-libraries/BOSL2/attachments.scad", "/opt/openscad-libraries/BOSL2/beziers.scad", "/opt/openscad-libraries/BOSL2/builtins.scad", "/opt/openscad-libraries/BOSL2/color.scad", "/opt/openscad-libraries/BOSL2/comparisons.scad", "/opt/openscad-libraries/BOSL2/constants.scad", "/opt/openscad-libraries/BOSL2/coords.scad", "/opt/openscad-libraries/BOSL2/distributors.scad", "/opt/openscad-libraries/BOSL2/drawing.scad", "/opt/openscad-libraries/BOSL2/geometry.scad", "/opt/openscad-libraries/BOSL2/linalg.scad", "/opt/openscad-libraries/BOSL2/lists.scad", "/opt/openscad-libraries/BOSL2/masks.scad", "/opt/openscad-libraries/BOSL2/math.scad", "/opt/openscad-libraries/BOSL2/miscellaneous.scad", "/opt/openscad-libraries/BOSL2/partitions.scad", "/opt/openscad-libraries/BOSL2/paths.scad", "/opt/openscad-libraries/BOSL2/regions.scad", "/opt/openscad-libraries/BOSL2/rounding.scad", "/opt/openscad-libraries/BOSL2/shapes2d.scad", "/opt/openscad-libraries/BOSL2/shapes3d.scad", "/opt/openscad-libraries/BOSL2/skin.scad", "/opt/openscad-libraries/BOSL2/std.scad", "/opt/openscad-libraries/BOSL2/strings.scad", "/opt/openscad-libraries/BOSL2/structs.scad", "/opt/openscad-libraries/BOSL2/transforms.scad", "/opt/openscad-libraries/BOSL2/trigonometry.scad", "/opt/openscad-libraries/BOSL2/utility.scad", "/opt/openscad-libraries/BOSL2/vectors.scad", "/opt/openscad-libraries/BOSL2/version.scad", "/opt/openscad-libraries/BOSL2/vnf.scad", ".cache/scad-project/state/design-entrypoints/7d595c977ed681b7.scad", "dsg/openscad/components/node-snap/node_snap/design/design.md", "dsg/openscad/components/node-snap/node_snap/node_snap_render.scad", "dsg/openscad/components/node-snap/node_snap.scad", "dsg/openscad/design_support.scad", "dsg/openscad/lib/detachable_interface_spec.scad", "dsg/openscad/lib/node_interface.scad"])
+ xvfb-run -a openscad --render --camera=0.0,0.0,0.0,68.0,0.0,35.0,0.0 --autocenter --viewall --imgsize=640,480 -o /work/.cache/scad-project/design-stage/project/openscad/components/node-snap/node_snap/design/img/.11-top-slot-cutters.unwatermarked.png /work/.cache/scad-project/state/design-entrypoints/7d595c977ed681b7.scad
Geometries in cache: 47
Geometry cache size in bytes: 315080
CGAL Polyhedrons in cache: 75
CGAL cache size in bytes: 1513000
Total rendering time: 0:00:00.106
   Top level object is a 3D object (manifold):
   Status:     NoError
   Genus:      0
   Vertices:      682
   Facets:       1360
+ scad-image-watermark /work/.cache/scad-project/design-stage/project/openscad/components/node-snap/node_snap/design/img/.11-top-slot-cutters.unwatermarked.png /work/.cache/scad-project/design-stage/project/openscad/components/node-snap/node_snap/design/img/11-top-slot-cutters.png --text © 2026 brainboxemb
SCons design built: .cache/scad-project/design-stage/project/openscad/components/node-snap/node_snap/design/img/11-top-slot-cutters.png
_action([".cache/scad-project/design-stage/project/openscad/components/node-snap/node_snap/design/img/12-plain.png"], ["/opt/openscad-libraries/BOSL2/affine.scad", "/opt/openscad-libraries/BOSL2/attachments.scad", "/opt/openscad-libraries/BOSL2/beziers.scad", "/opt/openscad-libraries/BOSL2/builtins.scad", "/opt/openscad-libraries/BOSL2/color.scad", "/opt/openscad-libraries/BOSL2/comparisons.scad", "/opt/openscad-libraries/BOSL2/constants.scad", "/opt/openscad-libraries/BOSL2/coords.scad", "/opt/openscad-libraries/BOSL2/distributors.scad", "/opt/openscad-libraries/BOSL2/drawing.scad", "/opt/openscad-libraries/BOSL2/geometry.scad", "/opt/openscad-libraries/BOSL2/linalg.scad", "/opt/openscad-libraries/BOSL2/lists.scad", "/opt/openscad-libraries/BOSL2/masks.scad", "/opt/openscad-libraries/BOSL2/math.scad", "/opt/openscad-libraries/BOSL2/miscellaneous.scad", "/opt/openscad-libraries/BOSL2/partitions.scad", "/opt/openscad-libraries/BOSL2/paths.scad", "/opt/openscad-libraries/BOSL2/regions.scad", "/opt/openscad-libraries/BOSL2/rounding.scad", "/opt/openscad-libraries/BOSL2/shapes2d.scad", "/opt/openscad-libraries/BOSL2/shapes3d.scad", "/opt/openscad-libraries/BOSL2/skin.scad", "/opt/openscad-libraries/BOSL2/std.scad", "/opt/openscad-libraries/BOSL2/strings.scad", "/opt/openscad-libraries/BOSL2/structs.scad", "/opt/openscad-libraries/BOSL2/transforms.scad", "/opt/openscad-libraries/BOSL2/trigonometry.scad", "/opt/openscad-libraries/BOSL2/utility.scad", "/opt/openscad-libraries/BOSL2/vectors.scad", "/opt/openscad-libraries/BOSL2/version.scad", "/opt/openscad-libraries/BOSL2/vnf.scad", ".cache/scad-project/state/design-entrypoints/bfa4e79fafdab18d.scad", "dsg/openscad/components/node-snap/node_snap/design/design.md", "dsg/openscad/components/node-snap/node_snap/node_snap_render.scad", "dsg/openscad/components/node-snap/node_snap.scad", "dsg/openscad/design_support.scad", "dsg/openscad/lib/detachable_interface_spec.scad", "dsg/openscad/lib/node_interface.scad"])
+ xvfb-run -a openscad --render --camera=0.0,0.0,0.0,68.0,0.0,35.0,0.0 --autocenter --viewall --imgsize=640,480 -o /work/.cache/scad-project/design-stage/project/openscad/components/node-snap/node_snap/design/img/.12-plain.unwatermarked.png /work/.cache/scad-project/state/design-entrypoints/bfa4e79fafdab18d.scad
Geometries in cache: 47
Geometry cache size in bytes: 315080
CGAL Polyhedrons in cache: 74
CGAL cache size in bytes: 1481000
Total rendering time: 0:00:00.107
   Top level object is a 3D object (manifold):
   Status:     NoError
   Genus:      0
   Vertices:      682
   Facets:       1360
+ scad-image-watermark /work/.cache/scad-project/design-stage/project/openscad/components/node-snap/node_snap/design/img/.12-plain.unwatermarked.png /work/.cache/scad-project/design-stage/project/openscad/components/node-snap/node_snap/design/img/12-plain.png --text © 2026 brainboxemb
SCons design built: .cache/scad-project/design-stage/project/openscad/components/node-snap/node_snap/design/img/12-plain.png
_action([".cache/scad-project/design-stage/project/openscad/components/node-snap/node_snap/design/img/13-profile.png"], ["/opt/openscad-libraries/BOSL2/affine.scad", "/opt/openscad-libraries/BOSL2/attachments.scad", "/opt/openscad-libraries/BOSL2/beziers.scad", "/opt/openscad-libraries/BOSL2/builtins.scad", "/opt/openscad-libraries/BOSL2/color.scad", "/opt/openscad-libraries/BOSL2/comparisons.scad", "/opt/openscad-libraries/BOSL2/constants.scad", "/opt/openscad-libraries/BOSL2/coords.scad", "/opt/openscad-libraries/BOSL2/distributors.scad", "/opt/openscad-libraries/BOSL2/drawing.scad", "/opt/openscad-libraries/BOSL2/geometry.scad", "/opt/openscad-libraries/BOSL2/linalg.scad", "/opt/openscad-libraries/BOSL2/lists.scad", "/opt/openscad-libraries/BOSL2/masks.scad", "/opt/openscad-libraries/BOSL2/math.scad", "/opt/openscad-libraries/BOSL2/miscellaneous.scad", "/opt/openscad-libraries/BOSL2/partitions.scad", "/opt/openscad-libraries/BOSL2/paths.scad", "/opt/openscad-libraries/BOSL2/regions.scad", "/opt/openscad-libraries/BOSL2/rounding.scad", "/opt/openscad-libraries/BOSL2/shapes2d.scad", "/opt/openscad-libraries/BOSL2/shapes3d.scad", "/opt/openscad-libraries/BOSL2/skin.scad", "/opt/openscad-libraries/BOSL2/std.scad", "/opt/openscad-libraries/BOSL2/strings.scad", "/opt/openscad-libraries/BOSL2/structs.scad", "/opt/openscad-libraries/BOSL2/transforms.scad", "/opt/openscad-libraries/BOSL2/trigonometry.scad", "/opt/openscad-libraries/BOSL2/utility.scad", "/opt/openscad-libraries/BOSL2/vectors.scad", "/opt/openscad-libraries/BOSL2/version.scad", "/opt/openscad-libraries/BOSL2/vnf.scad", ".cache/scad-project/state/design-entrypoints/d0f74a738c593b4c.scad", "dsg/openscad/components/node-snap/node_snap/design/design.md", "dsg/openscad/components/node-snap/node_snap/node_snap_render.scad", "dsg/openscad/components/node-snap/node_snap.scad", "dsg/openscad/design_support.scad", "dsg/openscad/lib/detachable_interface_spec.scad", "dsg/openscad/lib/node_interface.scad"])
+ xvfb-run -a openscad --render --camera=0.0,0.0,0.0,90.0,0.0,0.0,0.0 --autocenter --viewall --imgsize=640,480 -o /work/.cache/scad-project/design-stage/project/openscad/components/node-snap/node_snap/design/img/.13-profile.unwatermarked.png /work/.cache/scad-project/state/design-entrypoints/d0f74a738c593b4c.scad
Geometries in cache: 49
Geometry cache size in bytes: 316792
CGAL Polyhedrons in cache: 68
CGAL cache size in bytes: 996500
Total rendering time: 0:00:00.102
   Top level object is a 3D object (manifold):
   Status:     NoError
   Genus:      0
   Vertices:       84
   Facets:        164
+ scad-image-watermark /work/.cache/scad-project/design-stage/project/openscad/components/node-snap/node_snap/design/img/.13-profile.unwatermarked.png /work/.cache/scad-project/design-stage/project/openscad/components/node-snap/node_snap/design/img/13-profile.png --text © 2026 brainboxemb
SCons design built: .cache/scad-project/design-stage/project/openscad/components/node-snap/node_snap/design/img/13-profile.png
_action([".cache/scad-project/design-stage/project/openscad/components/node-snap/node_snap/design/img/14-pattern-cutters.png"], ["/opt/openscad-libraries/BOSL2/affine.scad", "/opt/openscad-libraries/BOSL2/attachments.scad", "/opt/openscad-libraries/BOSL2/beziers.scad", "/opt/openscad-libraries/BOSL2/builtins.scad", "/opt/openscad-libraries/BOSL2/color.scad", "/opt/openscad-libraries/BOSL2/comparisons.scad", "/opt/openscad-libraries/BOSL2/constants.scad", "/opt/openscad-libraries/BOSL2/coords.scad", "/opt/openscad-libraries/BOSL2/distributors.scad", "/opt/openscad-libraries/BOSL2/drawing.scad", "/opt/openscad-libraries/BOSL2/geometry.scad", "/opt/openscad-libraries/BOSL2/linalg.scad", "/opt/openscad-libraries/BOSL2/lists.scad", "/opt/openscad-libraries/BOSL2/masks.scad", "/opt/openscad-libraries/BOSL2/math.scad", "/opt/openscad-libraries/BOSL2/miscellaneous.scad", "/opt/openscad-libraries/BOSL2/partitions.scad", "/opt/openscad-libraries/BOSL2/paths.scad", "/opt/openscad-libraries/BOSL2/regions.scad", "/opt/openscad-libraries/BOSL2/rounding.scad", "/opt/openscad-libraries/BOSL2/shapes2d.scad", "/opt/openscad-libraries/BOSL2/shapes3d.scad", "/opt/openscad-libraries/BOSL2/skin.scad", "/opt/openscad-libraries/BOSL2/std.scad", "/opt/openscad-libraries/BOSL2/strings.scad", "/opt/openscad-libraries/BOSL2/structs.scad", "/opt/openscad-libraries/BOSL2/transforms.scad", "/opt/openscad-libraries/BOSL2/trigonometry.scad", "/opt/openscad-libraries/BOSL2/utility.scad", "/opt/openscad-libraries/BOSL2/vectors.scad", "/opt/openscad-libraries/BOSL2/version.scad", "/opt/openscad-libraries/BOSL2/vnf.scad", ".cache/scad-project/state/design-entrypoints/5f00364a8375db46.scad", "dsg/openscad/components/node-snap/node_snap/design/design.md", "dsg/openscad/components/node-snap/node_snap/node_snap_render.scad", "dsg/openscad/components/node-snap/node_snap.scad", "dsg/openscad/design_support.scad", "dsg/openscad/lib/detachable_interface_spec.scad", "dsg/openscad/lib/node_interface.scad"])
+ xvfb-run -a openscad --render --camera=0.0,0.0,0.0,68.0,0.0,35.0,0.0 --autocenter --viewall --imgsize=640,480 -o /work/.cache/scad-project/design-stage/project/openscad/components/node-snap/node_snap/design/img/.14-pattern-cutters.unwatermarked.png /work/.cache/scad-project/state/design-entrypoints/5f00364a8375db46.scad
Geometries in cache: 81
Geometry cache size in bytes: 344184
CGAL Polyhedrons in cache: 79
CGAL cache size in bytes: 2085250
Total rendering time: 0:00:00.121
   Top level object is a 3D object (manifold):
   Status:     NoError
   Genus:      0
   Vertices:     1157
   Facets:       2310
+ scad-image-watermark /work/.cache/scad-project/design-stage/project/openscad/components/node-snap/node_snap/design/img/.14-pattern-cutters.unwatermarked.png /work/.cache/scad-project/design-stage/project/openscad/components/node-snap/node_snap/design/img/14-pattern-cutters.png --text © 2026 brainboxemb
SCons design built: .cache/scad-project/design-stage/project/openscad/components/node-snap/node_snap/design/img/14-pattern-cutters.png
_action([".cache/scad-project/design-stage/project/openscad/components/node-snap/node_snap/design/img/15-final.png"], ["/opt/openscad-libraries/BOSL2/affine.scad", "/opt/openscad-libraries/BOSL2/attachments.scad", "/opt/openscad-libraries/BOSL2/beziers.scad", "/opt/openscad-libraries/BOSL2/builtins.scad", "/opt/openscad-libraries/BOSL2/color.scad", "/opt/openscad-libraries/BOSL2/comparisons.scad", "/opt/openscad-libraries/BOSL2/constants.scad", "/opt/openscad-libraries/BOSL2/coords.scad", "/opt/openscad-libraries/BOSL2/distributors.scad", "/opt/openscad-libraries/BOSL2/drawing.scad", "/opt/openscad-libraries/BOSL2/geometry.scad", "/opt/openscad-libraries/BOSL2/linalg.scad", "/opt/openscad-libraries/BOSL2/lists.scad", "/opt/openscad-libraries/BOSL2/masks.scad", "/opt/openscad-libraries/BOSL2/math.scad", "/opt/openscad-libraries/BOSL2/miscellaneous.scad", "/opt/openscad-libraries/BOSL2/partitions.scad", "/opt/openscad-libraries/BOSL2/paths.scad", "/opt/openscad-libraries/BOSL2/regions.scad", "/opt/openscad-libraries/BOSL2/rounding.scad", "/opt/openscad-libraries/BOSL2/shapes2d.scad", "/opt/openscad-libraries/BOSL2/shapes3d.scad", "/opt/openscad-libraries/BOSL2/skin.scad", "/opt/openscad-libraries/BOSL2/std.scad", "/opt/openscad-libraries/BOSL2/strings.scad", "/opt/openscad-libraries/BOSL2/structs.scad", "/opt/openscad-libraries/BOSL2/transforms.scad", "/opt/openscad-libraries/BOSL2/trigonometry.scad", "/opt/openscad-libraries/BOSL2/utility.scad", "/opt/openscad-libraries/BOSL2/vectors.scad", "/opt/openscad-libraries/BOSL2/version.scad", "/opt/openscad-libraries/BOSL2/vnf.scad", ".cache/scad-project/state/design-entrypoints/988a530757e38d65.scad", "dsg/openscad/components/node-snap/node_snap/design/design.md", "dsg/openscad/components/node-snap/node_snap/node_snap_render.scad", "dsg/openscad/components/node-snap/node_snap.scad", "dsg/openscad/design_support.scad", "dsg/openscad/lib/detachable_interface_spec.scad", "dsg/openscad/lib/node_interface.scad"])
+ xvfb-run -a openscad --render --camera=0.0,0.0,0.0,68.0,0.0,35.0,0.0 --autocenter --viewall --imgsize=640,480 -o /work/.cache/scad-project/design-stage/project/openscad/components/node-snap/node_snap/design/img/.15-final.unwatermarked.png /work/.cache/scad-project/state/design-entrypoints/988a530757e38d65.scad
Geometries in cache: 80
Geometry cache size in bytes: 343328
CGAL Polyhedrons in cache: 70
CGAL cache size in bytes: 1274250
Total rendering time: 0:00:00.113
   Top level object is a 3D object (manifold):
   Status:     NoError
   Genus:      0
   Vertices:     1151
   Facets:       2298
+ scad-image-watermark /work/.cache/scad-project/design-stage/project/openscad/components/node-snap/node_snap/design/img/.15-final.unwatermarked.png /work/.cache/scad-project/design-stage/project/openscad/components/node-snap/node_snap/design/img/15-final.png --text © 2026 brainboxemb
SCons design built: .cache/scad-project/design-stage/project/openscad/components/node-snap/node_snap/design/img/15-final.png
_action([".cache/scad-project/design-stage/project/openscad/components/node-snap/node_snap/design/img/20-dimensioned-retention-profile.svg"], ["/opt/openscad-libraries/BOSL2/affine.scad", "/opt/openscad-libraries/BOSL2/attachments.scad", "/opt/openscad-libraries/BOSL2/beziers.scad", "/opt/openscad-libraries/BOSL2/builtins.scad", "/opt/openscad-libraries/BOSL2/color.scad", "/opt/openscad-libraries/BOSL2/comparisons.scad", "/opt/openscad-libraries/BOSL2/constants.scad", "/opt/openscad-libraries/BOSL2/coords.scad", "/opt/openscad-libraries/BOSL2/distributors.scad", "/opt/openscad-libraries/BOSL2/drawing.scad", "/opt/openscad-libraries/BOSL2/geometry.scad", "/opt/openscad-libraries/BOSL2/linalg.scad", "/opt/openscad-libraries/BOSL2/lists.scad", "/opt/openscad-libraries/BOSL2/masks.scad", "/opt/openscad-libraries/BOSL2/math.scad", "/opt/openscad-libraries/BOSL2/miscellaneous.scad", "/opt/openscad-libraries/BOSL2/partitions.scad", "/opt/openscad-libraries/BOSL2/paths.scad", "/opt/openscad-libraries/BOSL2/regions.scad", "/opt/openscad-libraries/BOSL2/rounding.scad", "/opt/openscad-libraries/BOSL2/shapes2d.scad", "/opt/openscad-libraries/BOSL2/shapes3d.scad", "/opt/openscad-libraries/BOSL2/skin.scad", "/opt/openscad-libraries/BOSL2/std.scad", "/opt/openscad-libraries/BOSL2/strings.scad", "/opt/openscad-libraries/BOSL2/structs.scad", "/opt/openscad-libraries/BOSL2/transforms.scad", "/opt/openscad-libraries/BOSL2/trigonometry.scad", "/opt/openscad-libraries/BOSL2/utility.scad", "/opt/openscad-libraries/BOSL2/vectors.scad", "/opt/openscad-libraries/BOSL2/version.scad", "/opt/openscad-libraries/BOSL2/vnf.scad", ".cache/scad-project/state/design-entrypoints/8f1818383dcf3bf2.scad", "dsg/openscad/components/node-snap/node_snap/design/design.md", "dsg/openscad/components/node-snap/node_snap/node_snap_drawing.scad", "dsg/openscad/design_support.scad", "dsg/openscad/lib/detachable_interface_spec.scad", "dsg/openscad/lib/node_interface.scad", "dsg/openscad/lib/technical_drawing.scad"])
+ openscad -o /work/.cache/scad-project/design-stage/project/openscad/components/node-snap/node_snap/design/img/20-dimensioned-retention-profile.svg /work/.cache/scad-project/state/design-entrypoints/8f1818383dcf3bf2.scad
Geometries in cache: 134
Geometry cache size in bytes: 2189032
CGAL Polyhedrons in cache: 69
CGAL cache size in bytes: 1017500
Total rendering time: 0:00:00.122
Top level object is a 2D object:
   Contours:      263
SCons design built: .cache/scad-project/design-stage/project/openscad/components/node-snap/node_snap/design/img/20-dimensioned-retention-profile.svg
Retrieved `.cache/scad-project/design-stage/project/openscad/components/opengrid-lite-receiver/opengrid_lite_receiver/design/img/01-full-source.png' from cache
Retrieved `.cache/scad-project/design-stage/project/openscad/components/opengrid-lite-receiver/opengrid_lite_receiver/design/img/02-retained-top.png' from cache
Retrieved `.cache/scad-project/design-stage/project/openscad/components/opengrid-lite-receiver/opengrid_lite_receiver/design/img/03-retained-top-only.png' from cache
Retrieved `.cache/scad-project/design-stage/project/openscad/components/opengrid-lite-receiver/opengrid_lite_receiver/design/img/04-recentering-compare.png' from cache
Retrieved `.cache/scad-project/design-stage/project/openscad/components/opengrid-lite-receiver/opengrid_lite_receiver/design/img/05-recentered-compare.png' from cache
Retrieved `.cache/scad-project/design-stage/project/openscad/components/opengrid-lite-receiver/opengrid_lite_receiver/design/img/06-lite-result.png' from cache
Retrieved `.cache/scad-project/design-stage/project/openscad/components/opengrid-lite-receiver/opengrid_lite_receiver/design/img/07-solid-profile.png' from cache
Retrieved `.cache/scad-project/design-stage/project/openscad/components/opengrid-lite-receiver/opengrid_lite_receiver/design/img/08-profile-zones.png' from cache
Retrieved `.cache/scad-project/design-stage/project/openscad/components/opengrid-lite-receiver/opengrid_lite_receiver/design/img/09-flex-profile.png' from cache
Retrieved `.cache/scad-project/design-stage/project/openscad/components/opengrid-lite-snap/opengrid_lite_snap/design/img/01-core.png' from cache
Retrieved `.cache/scad-project/design-stage/project/openscad/components/opengrid-lite-snap/opengrid_lite_snap/design/img/02-core-plus-top.png' from cache
Retrieved `.cache/scad-project/design-stage/project/openscad/components/opengrid-lite-snap/opengrid_lite_snap/design/img/03-top-nub.png' from cache
Retrieved `.cache/scad-project/design-stage/project/openscad/components/opengrid-lite-snap/opengrid_lite_snap/design/img/04-nub-box.png' from cache
Retrieved `.cache/scad-project/design-stage/project/openscad/components/opengrid-lite-snap/opengrid_lite_snap/design/img/05-nub-wedge-shaped.png' from cache
Retrieved `.cache/scad-project/design-stage/project/openscad/components/opengrid-lite-snap/opengrid_lite_snap/design/img/06-nub-final-one-side.png' from cache
Retrieved `.cache/scad-project/design-stage/project/openscad/components/opengrid-lite-snap/opengrid_lite_snap/design/img/07-bottom-nubs.png' from cache
Retrieved `.cache/scad-project/design-stage/project/openscad/components/opengrid-lite-snap/opengrid_lite_snap/design/img/08-body-before-slots.png' from cache
Retrieved `.cache/scad-project/design-stage/project/openscad/components/opengrid-lite-snap/opengrid_lite_snap/design/img/09-click-slot-cutters.png' from cache
Retrieved `.cache/scad-project/design-stage/project/openscad/components/opengrid-lite-snap/opengrid_lite_snap/design/img/10-click-slot-section-removed.png' from cache
Retrieved `.cache/scad-project/design-stage/project/openscad/components/opengrid-lite-snap/opengrid_lite_snap/design/img/11-click-slot-section-before-after.png' from cache
Retrieved `.cache/scad-project/design-stage/project/openscad/components/opengrid-lite-snap/opengrid_lite_snap/design/img/12-wall-slot-cutters.png' from cache
Retrieved `.cache/scad-project/design-stage/project/openscad/components/opengrid-lite-snap/opengrid_lite_snap/design/img/13-reconstructed.png' from cache
Retrieved `.cache/scad-project/design-stage/project/openscad/components/opengrid-lite-snap/opengrid_lite_snap/design/img/14-reconstruction-compare.png' from cache
Retrieved `.cache/scad-project/design-stage/project/openscad/components/opengrid-lite-snap/opengrid_lite_snap/design/img/15-source-layers.png' from cache
Retrieved `.cache/scad-project/design-stage/project/openscad/components/opengrid-lite-snap/opengrid_lite_snap/design/img/16-solid-profile.png' from cache
Retrieved `.cache/scad-project/design-stage/project/openscad/components/opengrid-lite-snap/opengrid_lite_snap/design/img/17-flex-profile.png' from cache
SCons design summary: targets=53 built=27 cache-restored=26 current=0 error=0
  built: .cache/scad-project/design-stage/project/openscad/specification/img/01-node-fixed-tongue-profile-a4.svg
  built: .cache/scad-project/design-stage/project/openscad/specification/img/00-reference-implementation-overview.png
  built: .cache/scad-project/design-stage/project/openscad/specification/img/10-reference-pair-section.svg
  built: .cache/scad-project/design-stage/project/openscad/specification/img/11-width-reduction-context.svg
  built: .cache/scad-project/design-stage/project/openscad/specification/img/12-reference-implementation.svg
  built: .cache/scad-project/design-stage/project/openscad/components/node-receiver/node_receiver/design/img/01-profile.png
  built: .cache/scad-project/design-stage/project/openscad/components/node-receiver/node_receiver/design/img/02-profile-vs-extrusion.png
  built: .cache/scad-project/design-stage/project/openscad/components/node-receiver/node_receiver/design/img/03-plain.png
  built: .cache/scad-project/design-stage/project/openscad/components/node-receiver/node_receiver/design/img/04-pattern-cutters.png
  built: .cache/scad-project/design-stage/project/openscad/components/node-receiver/node_receiver/design/img/05-final.png
  built: .cache/scad-project/design-stage/project/openscad/components/node-receiver/node_receiver/design/img/06-dimensioned-retention-profile.svg
  built: .cache/scad-project/design-stage/project/openscad/components/node-snap/node_snap/design/img/01-core-envelope.png
  built: .cache/scad-project/design-stage/project/openscad/components/node-snap/node_snap/design/img/02-positive-wall.png
  built: .cache/scad-project/design-stage/project/openscad/components/node-snap/node_snap/design/img/03-side-walls.png
  built: .cache/scad-project/design-stage/project/openscad/components/node-snap/node_snap/design/img/04-nub-box.png
  built: .cache/scad-project/design-stage/project/openscad/components/node-snap/node_snap/design/img/05-nub-wedge-shaped.png
  built: .cache/scad-project/design-stage/project/openscad/components/node-snap/node_snap/design/img/06-nub-final-one-side.png
  built: .cache/scad-project/design-stage/project/openscad/components/node-snap/node_snap/design/img/07-nubs.png
  built: .cache/scad-project/design-stage/project/openscad/components/node-snap/node_snap/design/img/08-top.png
  built: .cache/scad-project/design-stage/project/openscad/components/node-snap/node_snap/design/img/09-main-click-slot-cutters.png
  built: .cache/scad-project/design-stage/project/openscad/components/node-snap/node_snap/design/img/10-after-main-click-slots.png
  built: .cache/scad-project/design-stage/project/openscad/components/node-snap/node_snap/design/img/11-top-slot-cutters.png
  built: .cache/scad-project/design-stage/project/openscad/components/node-snap/node_snap/design/img/12-plain.png
  built: .cache/scad-project/design-stage/project/openscad/components/node-snap/node_snap/design/img/13-profile.png
  built: .cache/scad-project/design-stage/project/openscad/components/node-snap/node_snap/design/img/14-pattern-cutters.png
  built: .cache/scad-project/design-stage/project/openscad/components/node-snap/node_snap/design/img/15-final.png
  built: .cache/scad-project/design-stage/project/openscad/components/node-snap/node_snap/design/img/20-dimensioned-retention-profile.svg
  cache_restored: .cache/scad-project/design-stage/project/openscad/components/opengrid-lite-receiver/opengrid_lite_receiver/design/img/01-full-source.png
  cache_restored: .cache/scad-project/design-stage/project/openscad/components/opengrid-lite-receiver/opengrid_lite_receiver/design/img/02-retained-top.png
  cache_restored: .cache/scad-project/design-stage/project/openscad/components/opengrid-lite-receiver/opengrid_lite_receiver/design/img/03-retained-top-only.png
  cache_restored: .cache/scad-project/design-stage/project/openscad/components/opengrid-lite-receiver/opengrid_lite_receiver/design/img/04-recentering-compare.png
  cache_restored: .cache/scad-project/design-stage/project/openscad/components/opengrid-lite-receiver/opengrid_lite_receiver/design/img/05-recentered-compare.png
  cache_restored: .cache/scad-project/design-stage/project/openscad/components/opengrid-lite-receiver/opengrid_lite_receiver/design/img/06-lite-result.png
  cache_restored: .cache/scad-project/design-stage/project/openscad/components/opengrid-lite-receiver/opengrid_lite_receiver/design/img/07-solid-profile.png
  cache_restored: .cache/scad-project/design-stage/project/openscad/components/opengrid-lite-receiver/opengrid_lite_receiver/design/img/08-profile-zones.png
  cache_restored: .cache/scad-project/design-stage/project/openscad/components/opengrid-lite-receiver/opengrid_lite_receiver/design/img/09-flex-profile.png
  cache_restored: .cache/scad-project/design-stage/project/openscad/components/opengrid-lite-snap/opengrid_lite_snap/design/img/01-core.png
  cache_restored: .cache/scad-project/design-stage/project/openscad/components/opengrid-lite-snap/opengrid_lite_snap/design/img/02-core-plus-top.png
  cache_restored: .cache/scad-project/design-stage/project/openscad/components/opengrid-lite-snap/opengrid_lite_snap/design/img/03-top-nub.png
  cache_restored: .cache/scad-project/design-stage/project/openscad/components/opengrid-lite-snap/opengrid_lite_snap/design/img/04-nub-box.png
  cache_restored: .cache/scad-project/design-stage/project/openscad/components/opengrid-lite-snap/opengrid_lite_snap/design/img/05-nub-wedge-shaped.png
  cache_restored: .cache/scad-project/design-stage/project/openscad/components/opengrid-lite-snap/opengrid_lite_snap/design/img/06-nub-final-one-side.png
  cache_restored: .cache/scad-project/design-stage/project/openscad/components/opengrid-lite-snap/opengrid_lite_snap/design/img/07-bottom-nubs.png
  cache_restored: .cache/scad-project/design-stage/project/openscad/components/opengrid-lite-snap/opengrid_lite_snap/design/img/08-body-before-slots.png
  cache_restored: .cache/scad-project/design-stage/project/openscad/components/opengrid-lite-snap/opengrid_lite_snap/design/img/09-click-slot-cutters.png
  cache_restored: .cache/scad-project/design-stage/project/openscad/components/opengrid-lite-snap/opengrid_lite_snap/design/img/10-click-slot-section-removed.png
  cache_restored: .cache/scad-project/design-stage/project/openscad/components/opengrid-lite-snap/opengrid_lite_snap/design/img/11-click-slot-section-before-after.png
  cache_restored: .cache/scad-project/design-stage/project/openscad/components/opengrid-lite-snap/opengrid_lite_snap/design/img/12-wall-slot-cutters.png
  cache_restored: .cache/scad-project/design-stage/project/openscad/components/opengrid-lite-snap/opengrid_lite_snap/design/img/13-reconstructed.png
  cache_restored: .cache/scad-project/design-stage/project/openscad/components/opengrid-lite-snap/opengrid_lite_snap/design/img/14-reconstruction-compare.png
  cache_restored: .cache/scad-project/design-stage/project/openscad/components/opengrid-lite-snap/opengrid_lite_snap/design/img/15-source-layers.png
  cache_restored: .cache/scad-project/design-stage/project/openscad/components/opengrid-lite-snap/opengrid_lite_snap/design/img/16-solid-profile.png
  cache_restored: .cache/scad-project/design-stage/project/openscad/components/opengrid-lite-snap/opengrid_lite_snap/design/img/17-flex-profile.png
Generated design documentation: bld/design
design build: OK
▮▮▮▮ consumer:scad.docs (24s 782ms, cbf45e39)

Tasks: 1 completed
 Time: 24s 931ms

